Performing C SOURCE FILE Test CMAKE_HAVE_LIBC_PTHREAD failed with the following output:
Change Dir: /home/nvidia/Desktop/cxr_multi_sensor/yyf/CMakeFiles/CMakeTmp

Run Build Command(s):/usr/bin/make -f Makefile cmTC_ef10b/fast && /usr/bin/make  -f CMakeFiles/cmTC_ef10b.dir/build.make CMakeFiles/cmTC_ef10b.dir/build
make[1]: Entering directory '/home/nvidia/Desktop/cxr_multi_sensor/yyf/CMakeFiles/CMakeTmp'
Building C object CMakeFiles/cmTC_ef10b.dir/src.c.o
/usr/bin/gcc-13 -DCMAKE_HAVE_LIBC_PTHREAD  -fPIC  -o CMakeFiles/cmTC_ef10b.dir/src.c.o -c /home/nvidia/Desktop/cxr_multi_sensor/yyf/CMakeFiles/CMakeTmp/src.c
Linking C executable cmTC_ef10b
/usr/bin/cmake -E cmake_link_script CMakeFiles/cmTC_ef10b.dir/link.txt --verbose=1
/usr/bin/gcc-13 -fPIC  CMakeFiles/cmTC_ef10b.dir/src.c.o -o cmTC_ef10b 
/usr/bin/ld: CMakeFiles/cmTC_ef10b.dir/src.c.o: in function `main':
src.c:(.text+0x48): undefined reference to `pthread_create'
/usr/bin/ld: src.c:(.text+0x50): undefined reference to `pthread_detach'
/usr/bin/ld: src.c:(.text+0x58): undefined reference to `pthread_cancel'
/usr/bin/ld: src.c:(.text+0x64): undefined reference to `pthread_join'
collect2: error: ld returned 1 exit status
make[1]: *** [CMakeFiles/cmTC_ef10b.dir/build.make:99: cmTC_ef10b] Error 1
make[1]: Leaving directory '/home/nvidia/Desktop/cxr_multi_sensor/yyf/CMakeFiles/CMakeTmp'
make: *** [Makefile:127: cmTC_ef10b/fast] Error 2


Source file was:
#include <pthread.h>

static void* test_func(void* data)
{
  return data;
}

int main(void)
{
  pthread_t thread;
  pthread_create(&thread, NULL, test_func, NULL);
  pthread_detach(thread);
  pthread_cancel(thread);
  pthread_join(thread, NULL);
  pthread_atfork(NULL, NULL, NULL);
  pthread_exit(NULL);

  return 0;
}

Determining if the function pthread_create exists in the pthreads failed with the following output:
Change Dir: /home/nvidia/Desktop/cxr_multi_sensor/yyf/CMakeFiles/CMakeTmp

Run Build Command(s):/usr/bin/make -f Makefile cmTC_29a29/fast && /usr/bin/make  -f CMakeFiles/cmTC_29a29.dir/build.make CMakeFiles/cmTC_29a29.dir/build
make[1]: Entering directory '/home/nvidia/Desktop/cxr_multi_sensor/yyf/CMakeFiles/CMakeTmp'
Building C object CMakeFiles/cmTC_29a29.dir/CheckFunctionExists.c.o
/usr/bin/gcc-13   -fPIC -DCHECK_FUNCTION_EXISTS=pthread_create -o CMakeFiles/cmTC_29a29.dir/CheckFunctionExists.c.o -c /usr/share/cmake-3.22/Modules/CheckFunctionExists.c
Linking C executable cmTC_29a29
/usr/bin/cmake -E cmake_link_script CMakeFiles/cmTC_29a29.dir/link.txt --verbose=1
/usr/bin/gcc-13 -fPIC -DCHECK_FUNCTION_EXISTS=pthread_create CMakeFiles/cmTC_29a29.dir/CheckFunctionExists.c.o -o cmTC_29a29  -lpthreads 
/usr/bin/ld: cannot find -lpthreads
collect2: error: ld returned 1 exit status
make[1]: *** [CMakeFiles/cmTC_29a29.dir/build.make:99: cmTC_29a29] Error 1
make[1]: Leaving directory '/home/nvidia/Desktop/cxr_multi_sensor/yyf/CMakeFiles/CMakeTmp'
make: *** [Makefile:127: cmTC_29a29/fast] Error 2



