[2026-05-30T18:59:48.198360] Starting: /projects/miniconda3/envs/tianmoucv/bin/python /home/nvidia/Desktop/cxr_multi_sensor/yyf_new/batch_process.py 0530_extreme7 --workdir /home/nvidia/Desktop/cxr_multi_sensor/yyf_new --calib-script calib/depth_0408.py --calib-output-root /projects/calib_data
[2026-05-30T18:59:48.198453] Log: /home/nvidia/Desktop/cxr_multi_sensor/yyf_new/logs/0530_extreme7.log
============================================================
自动探测结果:
  根目录: /projects/0530_extreme7
  天眸:   /projects/0530_extreme7/tianmou
  Bag:    /projects/0530_extreme7/realsense1970-1-1/9-1-44.bag
  Temporal: /projects/0530_extreme7/temporal_files/tianmou_timestamp_19700101_090209.csv

============================================================
天眸与RealSense后处理对齐 (三路对齐版)
============================================================
输入参数:
  天眸目录: /projects/0530_extreme7/tianmou
  Bag文件: /projects/0530_extreme7/realsense1970-1-1/9-1-44.bag
  时间戳文件: /projects/0530_extreme7/temporal_files/tianmou_timestamp_19700101_090209.csv
  输出文件: /home/nvidia/Desktop/cxr_multi_sensor/yyf_new/output_0530_extreme7.json
============================================================

[0.0s] ==================================================
[0.0s] 阶段 1: 读取物理基准时间戳
[0.0s] 从temporal文件读取外部电路触发时间
[0.0s] ==================================================
  物理基准时间戳: 3710056530 us

[0.0s] ✓ 读取物理基准时间戳 完成 (耗时: 0.0s)

[0.0s] ✓ 读取物理基准时间戳 完成 (耗时: 0.0s)

[0.0s] ==================================================
[0.0s] 阶段 2: 读取天眸帧时间戳
[0.0s] 使用TianmoucDataReader读取C_timestamp
[0.0s] ==================================================
  天眸目录: /projects/0530_extreme7/tianmou
TianMouCV™ 0.3.8.9, via Y. Lin  update covert tool and bandwith calculator
初始化 TianmoucDataReader...
总帧数: 567
  天眸帧读取: 50/567 (8.8%) | 耗时: 215.9s | ETA: 2232.5s
  天眸帧读取: 100/567 (17.6%) | 耗时: 436.7s | ETA: 2039.4s
  天眸帧读取: 150/567 (26.5%) | 耗时: 658.0s | ETA: 1829.2s
  天眸帧读取: 200/567 (35.3%) | 耗时: 879.6s | ETA: 1614.1s
  天眸帧读取: 250/567 (44.1%) | 耗时: 1098.1s | ETA: 1392.5s
  天眸帧读取: 300/567 (52.9%) | 耗时: 1313.8s | ETA: 1169.3s
  天眸帧读取: 350/567 (61.7%) | 耗时: 1533.8s | ETA: 951.0s
  天眸帧读取: 400/567 (70.5%) | 耗时: 1754.1s | ETA: 732.3s
  天眸帧读取: 450/567 (79.4%) | 耗时: 1973.4s | ETA: 513.1s
  天眸帧读取: 500/567 (88.2%) | 耗时: 2193.4s | ETA: 293.9s
  天眸帧读取: 550/567 (97.0%) | 耗时: 2394.7s | ETA: 74.0s
  天眸帧读取: 567/567 (100.0%) | 耗时: 2452.1s | ETA: 0.0s
✓ 天眸帧读取完成, 共 567 帧
  天眸总帧数: 567
  天眸首帧时间戳: 3708194170 us
  天眸末帧时间戳: 3726687090 us

[2460.2s] ✓ 读取天眸帧时间戳 完成 (耗时: 2460.2s)

[2460.2s] ✓ 读取天眸帧时间戳 完成 (耗时: 2460.2s)

[2460.2s] ==================================================
[2460.2s] 阶段 3: 提取RealSense Metadata
[2460.2s] 使用rs-convert从bag文件提取Color和Depth metadata
[2460.2s] ==================================================
  Bag文件: /projects/0530_extreme7/realsense1970-1-1/9-1-44.bag
已清空临时目录: /projects/cxr_data/metadata_temp
正在提取RealSense metadata...
  Bag文件: /projects/0530_extreme7/realsense1970-1-1/9-1-44.bag
  Bag大小: 576.0 MB
  执行命令: rs-convert -i /projects/0530_extreme7/realsense1970-1-1/9-1-44.bag -c -p /projects/cxr_data/metadata_temp/color/frame_
  执行命令: rs-convert -i /projects/0530_extreme7/realsense1970-1-1/9-1-44.bag -d -p /projects/cxr_data/metadata_temp/depth/frame_
✓ RealSense metadata提取完成
  Color metadata: 1055 个文件
  Depth metadata: 1133 个文件
  耗时: 75.3s

[2535.5s] ✓ 提取RealSense Metadata 完成 (耗时: 75.3s)

[2535.5s] ✓ 提取RealSense Metadata 完成 (耗时: 75.3s)

[2535.5s] ==================================================
[2535.5s] 阶段 4: 读取RealSense帧数据
[2535.5s] 解析Frame Counter和Frame Timestamp
[2535.5s] ==================================================
  Color帧数据: 399 帧 (去重后)
  Depth帧数据: 401 帧 (去重后)
  Color Frame Counter 范围: 0 - 401
  Depth Frame Counter 范围: 0 - 401

[2535.7s] ✓ 读取RealSense帧数据 完成 (耗时: 0.1s)

[2535.7s] ✓ 读取RealSense帧数据 完成 (耗时: 0.1s)

[2535.7s] ==================================================
[2535.7s] 阶段 5: 锚定点匹配
[2535.7s] 寻找天眸帧与RealSense帧的起始对齐点
[2535.7s] ==================================================
找到锚定点: 天眸第57帧 ≈ 物理时间戳
  天眸帧时间戳: 3710056530 us
  物理时间戳: 3710056530 us
  差值: 0 us (0.000 ms)
  锚定点: 天眸第57帧 <-> Depth第0帧

[2535.7s] ✓ 锚定点匹配 完成 (耗时: 0.0s)

[2535.7s] ✓ 锚定点匹配 完成 (耗时: 0.0s)

[2535.7s] ==================================================
[2535.7s] 阶段 6: Depth与天眸对齐
[2535.7s] 以Depth为基准，所有帧统一检测跳帧
[2535.7s] ==================================================
  Depth帧数: 401
  平均帧间隔: 27771.46 ms
  ✓ Depth-天眸对齐完成，共 2 个映射

[2535.7s] ✓ Depth与天眸对齐 完成 (耗时: 0.0s)

[2535.7s] ✓ Depth与天眸对齐 完成 (耗时: 0.0s)

[2535.7s] ==================================================
[2535.7s] 阶段 7: Color与Depth对齐
[2535.7s] 基于Frame Counter和相位偏移
[2535.7s] ==================================================
  共有 Frame Counter 数量: 398
  前10个共有帧的偏移情况:
  Counter    | Diff(ms)   | 偏移(帧)      | 说明                       
  -----------------------------------------------------------------
  0          | -152859.86 | -4632      | Color早于Depth 4632 帧      
  2          | -152859.86 | -4632      | Color早于Depth 4632 帧      
  3          | -152859.86 | -4632      | Color早于Depth 4632 帧      
  4          | -152859.86 | -4632      | Color早于Depth 4632 帧      
  5          | -152859.86 | -4632      | Color早于Depth 4632 帧      
  7          | -152849.57 | -4632      | Color早于Depth 4632 帧      
  8          | -152846.09 | -4632      | Color早于Depth 4632 帧      
  9          | -152846.09 | -4632      | Color早于Depth 4632 帧      
  10         | -152845.57 | -4632      | Color早于Depth 4632 帧      
  11         | -152845.57 | -4632      | Color早于Depth 4632 帧      

  偏移分布: {-4632: 33, 0: 362, 4632: 2, 3321: 1}

  Color 对齐结果:
    有效帧（含 Color）: 0
    无效帧（无 Color）: 2

[2535.7s] ✓ Color与Depth对齐 完成 (耗时: 0.0s)

[2535.7s] ✓ Color与Depth对齐 完成 (耗时: 0.0s)

[2535.7s] ==================================================
[2535.7s] 阶段 8: 生成最终结果
[2535.7s] 只保留三路都有的帧
[2535.7s] ==================================================
  结果已保存到: /home/nvidia/Desktop/cxr_multi_sensor/yyf_new/output_0530_extreme7.json

[2535.7s] ✓ 生成最终结果 完成 (耗时: 0.0s)

[2535.7s] ✓ 生成最终结果 完成 (耗时: 0.0s)

==================================================
总耗时: 2535.7s
==================================================

各阶段用时:
  1. 读取物理基准时间戳: 0.0s
  2. 读取天眸帧时间戳: 2460.2s
  3. 提取RealSense Metadata: 75.3s
  4. 读取RealSense帧数据: 0.1s
  5. 锚定点匹配: 0.0s
  6. Depth与天眸对齐: 0.0s
  7. Color与Depth对齐: 0.0s
  8. 生成最终结果: 0.0s

============================================================
处理完成!
  天眸帧: 567
  Depth帧: 2
  Color帧: 399
  锚定点: 天眸第57帧
  有效三路对齐帧: 0
  无效（无Color）: 2
============================================================

处理完成!
Construct begin /projects/0530_extreme7/tianmou/rod/tianmouc_raw_data_370818110.tmdat, file size 1930230920
Construct begin /projects/0530_extreme7/tianmou/cone/tianmouc_raw_data_370812882.tmdat, file size 116772480
TianMouCV™ 0.3.8.9, via Y. Lin  update covert tool and bandwith calculator
--root 模式：从 JSON 提取路径
  天眸目录: /projects/0530_extreme7/tianmou
  Bag文件:  /projects/0530_extreme7/realsense1970-1-1/9-1-44.bag

============================================================
三路对齐帧导出
============================================================
输入:
  索引文件: /home/nvidia/Desktop/cxr_multi_sensor/yyf_new/output_0530_extreme7.json
  天眸目录: /projects/0530_extreme7/tianmou
  Bag文件: /projects/0530_extreme7/realsense1970-1-1/9-1-44.bag
  输出目录: /projects/calib_data/output_0530_extreme7
  原始深度模式: 是 (16位Z16)
============================================================

读取索引文件...
  总帧数: 0
  锚定点: 天眸第57帧
  统计信息:
    - 天眸总帧: 567
    - Depth总帧: 2
    - Color总帧: 399
    - 有效三路对齐帧: 0

  有效帧（含 Color）: 0
  实际导出帧数: 0

初始化天眸读取器...
  天眸总帧数: 567

提取RealSense Color和Depth图像...
正在提取RealSense图像...
  执行: rs-convert -i /projects/0530_extreme7/realsense1970-1-1/9-1-44.bag -c -p /projects/calib_data/output_0530_extreme7/realsense_raw/color/frame_
  使用 rs-convert -d -r 提取原始深度到临时目录...
    执行: rs-convert -i /projects/0530_extreme7/realsense1970-1-1/9-1-44.bag -d -r /tmp/rs_depth_yfuzq_gc/
    找到 392 个 .raw 文件, 392 个 metadata
    建立了 392 个 Counter 映射
    转换 .raw 为 16 位 PNG...
      [1] counter=0: 572-65535mm
      [2] counter=2: 580-14030mm
      [3] counter=3: 581-14030mm
      [100] counter=103: 428-45328mm
      [200] counter=206: 619-34663mm
      [300] counter=308: 502-1037mm
    原始深度: 392 帧 -> 有效 PNG: 392 帧
  索引文件中 Color Counter 范围: N/A - N/A (共0个)
  索引文件中 Depth Counter 范围: N/A - N/A (共0个)
  找到 392 张 Color 图像
  找到 392 个 metadata 文件
  调试: 前3个metadata文件: ['frame__Color_metadata_3710196.14613500004634.txt', 'frame__Color_metadata_3710228.88577899988741.txt', 'frame__Color_metadata_3710261.94769199984148.txt']
    metadata=frame__Color_metadata_3710196.14613500004634.txt, Frame Counter=0
    metadata=frame__Color_metadata_3710228.88577899988741.txt, Frame Counter=1
    metadata=frame__Color_metadata_3710261.94769199984148.txt, Frame Counter=2
  调试: 前3个图像文件: ['frame__Color_3710196.14613500004634.png', 'frame__Color_3710228.88577899988741.png', 'frame__Color_3710261.94769199984148.png']
  建立了 392 个映射
  示例: Counter [0, 1, 2, 3, 4] -> frame__Color_3710196.14613500004634.png
  找到 392 张 Depth 图像
  使用 Raw Depth 模式解析文件名...
    建立了 392 个映射
    示例: Counter [0, 2, 3, 4, 5] -> depth_000000.png

开始导出帧...

============================================================
导出完成!
  成功导出: 0 帧
  错误: 0 帧
  输出目录: /projects/calib_data/output_0530_extreme7
    - 天眸图像: /projects/calib_data/output_0530_extreme7/tianmou
    - Color图像: /projects/calib_data/output_0530_extreme7/color
    - Depth图像: /projects/calib_data/output_0530_extreme7/depth
    - 对比图像: /projects/calib_data/output_0530_extreme7/comparison
============================================================
Construct begin /projects/0530_extreme7/tianmou/rod/tianmouc_raw_data_370818110.tmdat, file size 1930230920
Construct begin /projects/0530_extreme7/tianmou/cone/tianmouc_raw_data_370812882.tmdat, file size 116772480
外参（RS→TM）:
  R_inv:
[[ 0.99992037 -0.00441774  0.01182087]
 [ 0.004458    0.99998435 -0.00338126]
 [-0.01180575  0.00343369  0.99992441]]
  T_inv: [  9.01713807 -77.26503834 -29.40806822]
  |T_inv|: 83.16 mm
加载索引文件: /home/nvidia/Desktop/cxr_multi_sensor/yyf_new/output_0530_extreme7.json
  原始帧数: 0, 有效帧(含Color): 0
数据目录: /projects/calib_data/output_0530_extreme7
输出目录: /projects/calib_data/output_0530_extreme7/compare_0408/
对齐深度目录: /projects/calib_data/output_0530_extreme7/depth_tm_0408/
天眸分辨率: 640×320, RealSense深度分辨率: 640×480
飞点过滤: 7×7 窗口, 有效点≥5 且 d-median>350.0mm → 剔除
找到 0 个深度文件

对齐中: 0it [00:00, ?it/s]
对齐中: 0it [00:00, ?it/s]
完成！可视化 → /projects/calib_data/output_0530_extreme7/compare_0408/，对齐深度 → /projects/calib_data/output_0530_extreme7/depth_tm_0408/

############################################################
# Processing dataset: 0530_extreme7
#   Source root : /projects/0530_extreme7
#   JSON file   : /home/nvidia/Desktop/cxr_multi_sensor/yyf_new/output_0530_extreme7.json
#   Output dir  : /projects/calib_data/output_0530_extreme7
############################################################
[OK] Output directory ready: /projects/calib_data/output_0530_extreme7

============================================================
STEP: Generate aligned index (post_process.py)
CMD : python3 post_process.py --root /projects/0530_extreme7 -o /home/nvidia/Desktop/cxr_multi_sensor/yyf_new/output_0530_extreme7.json
============================================================
[OK] Step 'Generate aligned index (post_process.py)' completed.

============================================================
STEP: Export time-aligned frames (export_aligned_frames.py)
CMD : python3 export_aligned_frames.py --root /projects/0530_extreme7 --index /home/nvidia/Desktop/cxr_multi_sensor/yyf_new/output_0530_extreme7.json --output /projects/calib_data/output_0530_extreme7 --use-raw-depth
============================================================
[OK] Step 'Export time-aligned frames (export_aligned_frames.py)' completed.

============================================================
STEP: Export calibrated frames (depth_0408.py)
CMD : python3 calib/depth_0408.py --base /projects/calib_data/output_0530_extreme7 --index /home/nvidia/Desktop/cxr_multi_sensor/yyf_new/output_0530_extreme7.json
============================================================
[OK] Step 'Export calibrated frames (depth_0408.py)' completed.

============================================================
[DONE] Dataset '0530_extreme7' fully processed.
       Output saved to: /projects/calib_data/output_0530_extreme7
============================================================
[EXIT] code=0
