[2026-05-30T18:59:48.201049] Starting: /projects/miniconda3/envs/tianmoucv/bin/python /home/nvidia/Desktop/cxr_multi_sensor/yyf_new/batch_process.py 0530_extreme5 --workdir /home/nvidia/Desktop/cxr_multi_sensor/yyf_new --calib-script calib/depth_0408.py --calib-output-root /projects/calib_data
[2026-05-30T18:59:48.201139] Log: /home/nvidia/Desktop/cxr_multi_sensor/yyf_new/logs/0530_extreme5.log
============================================================
自动探测结果:
  根目录: /projects/0530_extreme5
  天眸:   /projects/0530_extreme5/tianmou
  Bag:    /projects/0530_extreme5/realsense1970-1-1/8-59-11.bag
  Temporal: /projects/0530_extreme5/temporal_files/tianmou_timestamp_19700101_085936.csv

============================================================
天眸与RealSense后处理对齐 (三路对齐版)
============================================================
输入参数:
  天眸目录: /projects/0530_extreme5/tianmou
  Bag文件: /projects/0530_extreme5/realsense1970-1-1/8-59-11.bag
  时间戳文件: /projects/0530_extreme5/temporal_files/tianmou_timestamp_19700101_085936.csv
  输出文件: /home/nvidia/Desktop/cxr_multi_sensor/yyf_new/output_0530_extreme5.json
============================================================

[0.0s] ==================================================
[0.0s] 阶段 1: 读取物理基准时间戳
[0.0s] 从temporal文件读取外部电路触发时间
[0.0s] ==================================================
  物理基准时间戳: 3557214070 us

[0.0s] ✓ 读取物理基准时间戳 完成 (耗时: 0.0s)

[0.0s] ✓ 读取物理基准时间戳 完成 (耗时: 0.0s)

[0.0s] ==================================================
[0.0s] 阶段 2: 读取天眸帧时间戳
[0.0s] 使用TianmoucDataReader读取C_timestamp
[0.0s] ==================================================
  天眸目录: /projects/0530_extreme5/tianmou
TianMouCV™ 0.3.8.9, via Y. Lin  update covert tool and bandwith calculator
初始化 TianmoucDataReader...
总帧数: 570
  天眸帧读取: 50/570 (8.8%) | 耗时: 214.9s | ETA: 2234.7s
  天眸帧读取: 100/570 (17.5%) | 耗时: 437.5s | ETA: 2056.3s
  天眸帧读取: 150/570 (26.3%) | 耗时: 659.9s | ETA: 1847.7s
  天眸帧读取: 200/570 (35.1%) | 耗时: 876.7s | ETA: 1621.9s
  天眸帧读取: 250/570 (43.9%) | 耗时: 1095.6s | ETA: 1402.4s
  天眸帧读取: 300/570 (52.6%) | 耗时: 1314.5s | ETA: 1183.1s
  天眸帧读取: 350/570 (61.4%) | 耗时: 1536.5s | ETA: 965.8s
  天眸帧读取: 400/570 (70.2%) | 耗时: 1755.2s | ETA: 746.0s
  天眸帧读取: 450/570 (78.9%) | 耗时: 1974.9s | ETA: 526.6s
  天眸帧读取: 500/570 (87.7%) | 耗时: 2192.0s | ETA: 306.9s
  天眸帧读取: 550/570 (96.5%) | 耗时: 2390.9s | ETA: 86.9s
  天眸帧读取: 570/570 (100.0%) | 耗时: 2457.3s | ETA: 0.0s
✓ 天眸帧读取完成, 共 570 帧
  天眸总帧数: 570
  天眸首帧时间戳: 3555286360 us
  天眸末帧时间戳: 3573877300 us

[2465.4s] ✓ 读取天眸帧时间戳 完成 (耗时: 2465.4s)

[2465.4s] ✓ 读取天眸帧时间戳 完成 (耗时: 2465.4s)

[2465.4s] ==================================================
[2465.4s] 阶段 3: 提取RealSense Metadata
[2465.4s] 使用rs-convert从bag文件提取Color和Depth metadata
[2465.4s] ==================================================
  Bag文件: /projects/0530_extreme5/realsense1970-1-1/8-59-11.bag
已清空临时目录: /projects/cxr_data/metadata_temp
正在提取RealSense metadata...
  Bag文件: /projects/0530_extreme5/realsense1970-1-1/8-59-11.bag
  Bag大小: 562.8 MB
  执行命令: rs-convert -i /projects/0530_extreme5/realsense1970-1-1/8-59-11.bag -c -p /projects/cxr_data/metadata_temp/color/frame_
  执行命令: rs-convert -i /projects/0530_extreme5/realsense1970-1-1/8-59-11.bag -d -p /projects/cxr_data/metadata_temp/depth/frame_
✓ RealSense metadata提取完成
  Color metadata: 1055 个文件
  Depth metadata: 1147 个文件
  耗时: 70.9s

[2536.4s] ✓ 提取RealSense Metadata 完成 (耗时: 71.0s)

[2536.4s] ✓ 提取RealSense Metadata 完成 (耗时: 71.0s)

[2536.4s] ==================================================
[2536.4s] 阶段 4: 读取RealSense帧数据
[2536.4s] 解析Frame Counter和Frame Timestamp
[2536.4s] ==================================================
  Color帧数据: 399 帧 (去重后)
  Depth帧数据: 401 帧 (去重后)
  Color Frame Counter 范围: 0 - 401
  Depth Frame Counter 范围: 0 - 401

[2536.5s] ✓ 读取RealSense帧数据 完成 (耗时: 0.1s)

[2536.5s] ✓ 读取RealSense帧数据 完成 (耗时: 0.1s)

[2536.5s] ==================================================
[2536.5s] 阶段 5: 锚定点匹配
[2536.5s] 寻找天眸帧与RealSense帧的起始对齐点
[2536.5s] ==================================================
找到锚定点: 天眸第59帧 ≈ 物理时间戳
  天眸帧时间戳: 3557214070 us
  物理时间戳: 3557214070 us
  差值: 0 us (0.000 ms)
  锚定点: 天眸第59帧 <-> Depth第0帧

[2536.5s] ✓ 锚定点匹配 完成 (耗时: 0.0s)

[2536.5s] ✓ 锚定点匹配 完成 (耗时: 0.0s)

[2536.5s] ==================================================
[2536.5s] 阶段 6: Depth与天眸对齐
[2536.5s] 以Depth为基准，所有帧统一检测跳帧
[2536.5s] ==================================================
  Depth帧数: 401
  平均帧间隔: 16980.22 ms
  ✓ Depth-天眸对齐完成，共 10 个映射

[2536.5s] ✓ Depth与天眸对齐 完成 (耗时: 0.0s)

[2536.5s] ✓ Depth与天眸对齐 完成 (耗时: 0.0s)

[2536.5s] ==================================================
[2536.5s] 阶段 7: Color与Depth对齐
[2536.5s] 基于Frame Counter和相位偏移
[2536.5s] ==================================================
  共有 Frame Counter 数量: 398
  前10个共有帧的偏移情况:
  Counter    | Diff(ms)   | 偏移(帧)      | 说明                       
  -----------------------------------------------------------------
  0          | -152859.86 | -4632      | Color早于Depth 4632 帧      
  2          | -152859.86 | -4632      | Color早于Depth 4632 帧      
  3          | -152859.86 | -4632      | Color早于Depth 4632 帧      
  4          | -152859.86 | -4632      | Color早于Depth 4632 帧      
  5          | -152859.86 | -4632      | Color早于Depth 4632 帧      
  7          | -152849.57 | -4632      | Color早于Depth 4632 帧      
  8          | -152846.09 | -4632      | Color早于Depth 4632 帧      
  9          | -152846.09 | -4632      | Color早于Depth 4632 帧      
  10         | -152845.57 | -4632      | Color早于Depth 4632 帧      
  11         | -152845.57 | -4632      | Color早于Depth 4632 帧      

  偏移分布: {-4632: 33, 0: 363, 4632: 2}

  Color 对齐结果:
    有效帧（含 Color）: 6
    无效帧（无 Color）: 4

[2536.5s] ✓ Color与Depth对齐 完成 (耗时: 0.0s)

[2536.5s] ✓ Color与Depth对齐 完成 (耗时: 0.0s)

[2536.5s] ==================================================
[2536.5s] 阶段 8: 生成最终结果
[2536.5s] 只保留三路都有的帧
[2536.5s] ==================================================
  结果已保存到: /home/nvidia/Desktop/cxr_multi_sensor/yyf_new/output_0530_extreme5.json

[2536.5s] ✓ 生成最终结果 完成 (耗时: 0.0s)

[2536.5s] ✓ 生成最终结果 完成 (耗时: 0.0s)

==================================================
总耗时: 2536.5s
==================================================

各阶段用时:
  1. 读取物理基准时间戳: 0.0s
  2. 读取天眸帧时间戳: 2465.4s
  3. 提取RealSense Metadata: 71.0s
  4. 读取RealSense帧数据: 0.1s
  5. 锚定点匹配: 0.0s
  6. Depth与天眸对齐: 0.0s
  7. Color与Depth对齐: 0.0s
  8. 生成最终结果: 0.0s

============================================================
处理完成!
  天眸帧: 570
  Depth帧: 10
  Color帧: 399
  锚定点: 天眸第59帧
  有效三路对齐帧: 6
  无效（无Color）: 4
============================================================

处理完成!
Construct begin /projects/0530_extreme5/tianmou/rod/tianmouc_raw_data_355527982.tmdat, file size 1884675704
Construct begin /projects/0530_extreme5/tianmou/cone/tianmouc_raw_data_355525369.tmdat, file size 117182208
TianMouCV™ 0.3.8.9, via Y. Lin  update covert tool and bandwith calculator
--root 模式：从 JSON 提取路径
  天眸目录: /projects/0530_extreme5/tianmou
  Bag文件:  /projects/0530_extreme5/realsense1970-1-1/8-59-11.bag

============================================================
三路对齐帧导出
============================================================
输入:
  索引文件: /home/nvidia/Desktop/cxr_multi_sensor/yyf_new/output_0530_extreme5.json
  天眸目录: /projects/0530_extreme5/tianmou
  Bag文件: /projects/0530_extreme5/realsense1970-1-1/8-59-11.bag
  输出目录: /projects/calib_data/output_0530_extreme5
  原始深度模式: 是 (16位Z16)
============================================================

读取索引文件...
  总帧数: 6
  锚定点: 天眸第59帧
  统计信息:
    - 天眸总帧: 570
    - Depth总帧: 10
    - Color总帧: 399
    - 有效三路对齐帧: 6

  有效帧（含 Color）: 6
  实际导出帧数: 6

初始化天眸读取器...
  天眸总帧数: 570

提取RealSense Color和Depth图像...
正在提取RealSense图像...
  执行: rs-convert -i /projects/0530_extreme5/realsense1970-1-1/8-59-11.bag -c -p /projects/calib_data/output_0530_extreme5/realsense_raw/color/frame_
  使用 rs-convert -d -r 提取原始深度到临时目录...
    执行: rs-convert -i /projects/0530_extreme5/realsense1970-1-1/8-59-11.bag -d -r /tmp/rs_depth_tx86xzgn/
    找到 383 个 .raw 文件, 383 个 metadata
    建立了 383 个 Counter 映射
    转换 .raw 为 16 位 PNG...
      [1] counter=0: 1138-26190mm
      [2] counter=1: 1132-65535mm
      [3] counter=2: 1131-65535mm
      [100] counter=103: 574-29463mm
      [200] counter=205: 1942-53570mm
      [300] counter=305: 853-38017mm
    原始深度: 383 帧 -> 有效 PNG: 383 帧
  索引文件中 Color Counter 范围: 43 - 379 (共6个)
  索引文件中 Depth Counter 范围: 43 - 379 (共6个)
  找到 383 张 Color 图像
  找到 383 个 metadata 文件
  调试: 前3个metadata文件: ['frame__Color_metadata_3557353.81171899987385.txt', 'frame__Color_metadata_3557419.74977800017223.txt', 'frame__Color_metadata_3557452.77243599994108.txt']
    metadata=frame__Color_metadata_3557353.81171899987385.txt, Frame Counter=0
    metadata=frame__Color_metadata_3557419.74977800017223.txt, Frame Counter=2
    metadata=frame__Color_metadata_3557452.77243599994108.txt, Frame Counter=3
  调试: 前3个图像文件: ['frame__Color_3557353.81171899987385.png', 'frame__Color_3557419.74977800017223.png', 'frame__Color_3557452.77243599994108.png']
  建立了 383 个映射
  示例: Counter [0, 2, 3, 4, 5] -> frame__Color_3557353.81171899987385.png
  找到 383 张 Depth 图像
  使用 Raw Depth 模式解析文件名...
    建立了 383 个映射
    示例: Counter [0, 1, 2, 3, 4] -> depth_000000.png

开始导出帧...
  进度: 6/6 (100.0%) | 耗时: 15.8s | ETA: 0.0s

============================================================
导出完成!
  成功导出: 6 帧
  错误: 0 帧
  输出目录: /projects/calib_data/output_0530_extreme5
    - 天眸图像: /projects/calib_data/output_0530_extreme5/tianmou
    - Color图像: /projects/calib_data/output_0530_extreme5/color
    - Depth图像: /projects/calib_data/output_0530_extreme5/depth
    - 对比图像: /projects/calib_data/output_0530_extreme5/comparison
============================================================
Construct begin /projects/0530_extreme5/tianmou/rod/tianmouc_raw_data_355527982.tmdat, file size 1884675704
Construct begin /projects/0530_extreme5/tianmou/cone/tianmouc_raw_data_355525369.tmdat, file size 117182208
外参（RS→TM）:
  R_inv:
[[ 0.99992037 -0.00441774  0.01182087]
 [ 0.004458    0.99998435 -0.00338126]
 [-0.01180575  0.00343369  0.99992441]]
  T_inv: [  9.01713807 -77.26503834 -29.40806822]
  |T_inv|: 83.16 mm
加载索引文件: /home/nvidia/Desktop/cxr_multi_sensor/yyf_new/output_0530_extreme5.json
  原始帧数: 6, 有效帧(含Color): 6
数据目录: /projects/calib_data/output_0530_extreme5
输出目录: /projects/calib_data/output_0530_extreme5/compare_0408/
对齐深度目录: /projects/calib_data/output_0530_extreme5/depth_tm_0408/
天眸分辨率: 640×320, RealSense深度分辨率: 640×480
飞点过滤: 7×7 窗口, 有效点≥5 且 d-median>350.0mm → 剔除
找到 6 个深度文件

对齐中:   0%|          | 0/6 [00:00<?, ?it/s]/home/nvidia/Desktop/cxr_multi_sensor/yyf_new/calib/depth_0408.py:201: RuntimeWarning: All-NaN slice encountered
  med = np.nanmedian(patches, axis=(2, 3))

对齐中:  17%|█▋        | 1/6 [00:00<00:03,  1.36it/s]
对齐中:  33%|███▎      | 2/6 [00:01<00:02,  1.41it/s]
对齐中:  50%|█████     | 3/6 [00:02<00:02,  1.38it/s]
对齐中:  67%|██████▋   | 4/6 [00:02<00:01,  1.38it/s]
对齐中:  83%|████████▎ | 5/6 [00:03<00:00,  1.39it/s]
对齐中: 100%|██████████| 6/6 [00:04<00:00,  1.40it/s]
对齐中: 100%|██████████| 6/6 [00:04<00:00,  1.39it/s]

frames.json 已生成: /projects/calib_data/output_0530_extreme5/depth_tm_0408/frames.json
完成！可视化 → /projects/calib_data/output_0530_extreme5/compare_0408/，对齐深度 → /projects/calib_data/output_0530_extreme5/depth_tm_0408/

############################################################
# Processing dataset: 0530_extreme5
#   Source root : /projects/0530_extreme5
#   JSON file   : /home/nvidia/Desktop/cxr_multi_sensor/yyf_new/output_0530_extreme5.json
#   Output dir  : /projects/calib_data/output_0530_extreme5
############################################################
[OK] Output directory ready: /projects/calib_data/output_0530_extreme5

============================================================
STEP: Generate aligned index (post_process.py)
CMD : python3 post_process.py --root /projects/0530_extreme5 -o /home/nvidia/Desktop/cxr_multi_sensor/yyf_new/output_0530_extreme5.json
============================================================
[OK] Step 'Generate aligned index (post_process.py)' completed.

============================================================
STEP: Export time-aligned frames (export_aligned_frames.py)
CMD : python3 export_aligned_frames.py --root /projects/0530_extreme5 --index /home/nvidia/Desktop/cxr_multi_sensor/yyf_new/output_0530_extreme5.json --output /projects/calib_data/output_0530_extreme5 --use-raw-depth
============================================================
[OK] Step 'Export time-aligned frames (export_aligned_frames.py)' completed.

============================================================
STEP: Export calibrated frames (depth_0408.py)
CMD : python3 calib/depth_0408.py --base /projects/calib_data/output_0530_extreme5 --index /home/nvidia/Desktop/cxr_multi_sensor/yyf_new/output_0530_extreme5.json
============================================================
[OK] Step 'Export calibrated frames (depth_0408.py)' completed.

============================================================
[DONE] Dataset '0530_extreme5' fully processed.
       Output saved to: /projects/calib_data/output_0530_extreme5
============================================================
[EXIT] code=0
