[2026-05-30T18:59:48.193579] Starting: /projects/miniconda3/envs/tianmoucv/bin/python /home/nvidia/Desktop/cxr_multi_sensor/yyf_new/batch_process.py 0530_extreme9 --workdir /home/nvidia/Desktop/cxr_multi_sensor/yyf_new --calib-script calib/depth_0408.py --calib-output-root /projects/calib_data
[2026-05-30T18:59:48.193664] Log: /home/nvidia/Desktop/cxr_multi_sensor/yyf_new/logs/0530_extreme9.log
============================================================
自动探测结果:
  根目录: /projects/0530_extreme9
  天眸:   /projects/0530_extreme9/tianmou
  Bag:    /projects/0530_extreme9/realsense1970-1-1/9-4-3.bag
  Temporal: /projects/0530_extreme9/temporal_files/tianmou_timestamp_19700101_090426.csv

============================================================
天眸与RealSense后处理对齐 (三路对齐版)
============================================================
输入参数:
  天眸目录: /projects/0530_extreme9/tianmou
  Bag文件: /projects/0530_extreme9/realsense1970-1-1/9-4-3.bag
  时间戳文件: /projects/0530_extreme9/temporal_files/tianmou_timestamp_19700101_090426.csv
  输出文件: /home/nvidia/Desktop/cxr_multi_sensor/yyf_new/output_0530_extreme9.json
============================================================

[0.0s] ==================================================
[0.0s] 阶段 1: 读取物理基准时间戳
[0.0s] 从temporal文件读取外部电路触发时间
[0.0s] ==================================================
  物理基准时间戳: 3849049930 us

[0.0s] ✓ 读取物理基准时间戳 完成 (耗时: 0.0s)

[0.0s] ✓ 读取物理基准时间戳 完成 (耗时: 0.0s)

[0.0s] ==================================================
[0.0s] 阶段 2: 读取天眸帧时间戳
[0.0s] 使用TianmoucDataReader读取C_timestamp
[0.0s] ==================================================
  天眸目录: /projects/0530_extreme9/tianmou
TianMouCV™ 0.3.8.9, via Y. Lin  update covert tool and bandwith calculator
初始化 TianmoucDataReader...
总帧数: 505
  天眸帧读取: 50/505 (9.9%) | 耗时: 215.5s | ETA: 1960.7s
  天眸帧读取: 100/505 (19.8%) | 耗时: 437.4s | ETA: 1771.5s
  天眸帧读取: 150/505 (29.7%) | 耗时: 656.2s | ETA: 1553.1s
  天眸帧读取: 200/505 (39.6%) | 耗时: 877.5s | ETA: 1338.1s
  天眸帧读取: 250/505 (49.5%) | 耗时: 1099.8s | ETA: 1121.8s
  天眸帧读取: 300/505 (59.4%) | 耗时: 1321.1s | ETA: 902.8s
  天眸帧读取: 350/505 (69.3%) | 耗时: 1543.8s | ETA: 683.7s
  天眸帧读取: 400/505 (79.2%) | 耗时: 1766.5s | ETA: 463.7s
  天眸帧读取: 450/505 (89.1%) | 耗时: 1986.5s | ETA: 242.8s
  天眸帧读取: 500/505 (99.0%) | 耗时: 2208.7s | ETA: 22.1s
  天眸帧读取: 505/505 (100.0%) | 耗时: 2230.9s | ETA: 0.0s
✓ 天眸帧读取完成, 共 505 帧
  天眸总帧数: 505
  天眸首帧时间戳: 3847252920 us
  天眸末帧时间戳: 3863720100 us

[2238.9s] ✓ 读取天眸帧时间戳 完成 (耗时: 2238.9s)

[2238.9s] ✓ 读取天眸帧时间戳 完成 (耗时: 2238.9s)

[2238.9s] ==================================================
[2238.9s] 阶段 3: 提取RealSense Metadata
[2238.9s] 使用rs-convert从bag文件提取Color和Depth metadata
[2238.9s] ==================================================
  Bag文件: /projects/0530_extreme9/realsense1970-1-1/9-4-3.bag
已清空临时目录: /projects/cxr_data/metadata_temp
正在提取RealSense metadata...
  Bag文件: /projects/0530_extreme9/realsense1970-1-1/9-4-3.bag
  Bag大小: 454.4 MB
  执行命令: rs-convert -i /projects/0530_extreme9/realsense1970-1-1/9-4-3.bag -c -p /projects/cxr_data/metadata_temp/color/frame_
  执行命令: rs-convert -i /projects/0530_extreme9/realsense1970-1-1/9-4-3.bag -d -p /projects/cxr_data/metadata_temp/depth/frame_
✓ RealSense metadata提取完成
  Color metadata: 654 个文件
  Depth metadata: 722 个文件
  耗时: 98.0s

[2336.9s] ✓ 提取RealSense Metadata 完成 (耗时: 98.0s)

[2336.9s] ✓ 提取RealSense Metadata 完成 (耗时: 98.0s)

[2336.9s] ==================================================
[2336.9s] 阶段 4: 读取RealSense帧数据
[2336.9s] 解析Frame Counter和Frame Timestamp
[2336.9s] ==================================================
  Color帧数据: 367 帧 (去重后)
  Depth帧数据: 332 帧 (去重后)
  Color Frame Counter 范围: 0 - 369
  Depth Frame Counter 范围: 0 - 331

[2337.1s] ✓ 读取RealSense帧数据 完成 (耗时: 0.1s)

[2337.1s] ✓ 读取RealSense帧数据 完成 (耗时: 0.1s)

[2337.1s] ==================================================
[2337.1s] 阶段 5: 锚定点匹配
[2337.1s] 寻找天眸帧与RealSense帧的起始对齐点
[2337.1s] ==================================================
找到锚定点: 天眸第55帧 ≈ 物理时间戳
  天眸帧时间戳: 3849049930 us
  物理时间戳: 3849049930 us
  差值: 0 us (0.000 ms)
  锚定点: 天眸第55帧 <-> Depth第0帧

[2337.1s] ✓ 锚定点匹配 完成 (耗时: 0.0s)

[2337.1s] ✓ 锚定点匹配 完成 (耗时: 0.0s)

[2337.1s] ==================================================
[2337.1s] 阶段 6: Depth与天眸对齐
[2337.1s] 以Depth为基准，所有帧统一检测跳帧
[2337.1s] ==================================================
  Depth帧数: 332
  平均帧间隔: 150.43 ms
  ✓ Depth-天眸对齐完成，共 11 个映射

[2337.1s] ✓ Depth与天眸对齐 完成 (耗时: 0.0s)

[2337.1s] ✓ Depth与天眸对齐 完成 (耗时: 0.0s)

[2337.1s] ==================================================
[2337.1s] 阶段 7: Color与Depth对齐
[2337.1s] 基于Frame Counter和相位偏移
[2337.1s] ==================================================
  共有 Frame Counter 数量: 329
  前10个共有帧的偏移情况:
  Counter    | Diff(ms)   | 偏移(帧)      | 说明                       
  -----------------------------------------------------------------
  0          | -101361.12 | -3072      | Color早于Depth 3072 帧      
  1          | -101361.13 | -3072      | Color早于Depth 3072 帧      
  2          | -101361.13 | -3072      | Color早于Depth 3072 帧      
  3          | -101361.12 | -3072      | Color早于Depth 3072 帧      
  4          | -101360.38 | -3072      | Color早于Depth 3072 帧      
  6          | -101351.45 | -3071      | Color早于Depth 3071 帧      
  7          | -101351.45 | -3071      | Color早于Depth 3071 帧      
  9          | -101355.58 | -3071      | Color早于Depth 3071 帧      
  10         | -101355.58 | -3071      | Color早于Depth 3071 帧      
  11         | 7.83       | 0          | 无偏移                      

  偏移分布: {-3072: 8, -3071: 4, 0: 89, -1: 4, -3: 66, 3072: 2, -3074: 2, 3070: 2, -5: 26, -3077: 1, -7: 55, 3071: 58, -3078: 2, 9423: 10}

  Color 对齐结果:
    有效帧（含 Color）: 1
    无效帧（无 Color）: 10

[2337.1s] ✓ Color与Depth对齐 完成 (耗时: 0.0s)

[2337.1s] ✓ Color与Depth对齐 完成 (耗时: 0.0s)

[2337.1s] ==================================================
[2337.1s] 阶段 8: 生成最终结果
[2337.1s] 只保留三路都有的帧
[2337.1s] ==================================================
  结果已保存到: /home/nvidia/Desktop/cxr_multi_sensor/yyf_new/output_0530_extreme9.json

[2337.1s] ✓ 生成最终结果 完成 (耗时: 0.0s)

[2337.1s] ✓ 生成最终结果 完成 (耗时: 0.0s)

==================================================
总耗时: 2337.1s
==================================================

各阶段用时:
  1. 读取物理基准时间戳: 0.0s
  2. 读取天眸帧时间戳: 2238.9s
  3. 提取RealSense Metadata: 98.0s
  4. 读取RealSense帧数据: 0.1s
  5. 锚定点匹配: 0.0s
  6. Depth与天眸对齐: 0.0s
  7. Color与Depth对齐: 0.0s
  8. 生成最终结果: 0.0s

============================================================
处理完成!
  天眸帧: 505
  Depth帧: 11
  Color帧: 367
  锚定点: 天眸第55帧
  有效三路对齐帧: 1
  无效（无Color）: 10
============================================================

处理完成!
Construct begin /projects/0530_extreme9/tianmou/rod/tianmouc_raw_data_384725291.tmdat, file size 1676907736
Construct begin /projects/0530_extreme9/tianmou/cone/tianmouc_raw_data_384722024.tmdat, file size 103866048
TianMouCV™ 0.3.8.9, via Y. Lin  update covert tool and bandwith calculator
--root 模式：从 JSON 提取路径
  天眸目录: /projects/0530_extreme9/tianmou
  Bag文件:  /projects/0530_extreme9/realsense1970-1-1/9-4-3.bag

============================================================
三路对齐帧导出
============================================================
输入:
  索引文件: /home/nvidia/Desktop/cxr_multi_sensor/yyf_new/output_0530_extreme9.json
  天眸目录: /projects/0530_extreme9/tianmou
  Bag文件: /projects/0530_extreme9/realsense1970-1-1/9-4-3.bag
  输出目录: /projects/calib_data/output_0530_extreme9
  原始深度模式: 是 (16位Z16)
============================================================

读取索引文件...
  总帧数: 1
  锚定点: 天眸第55帧
  统计信息:
    - 天眸总帧: 505
    - Depth总帧: 11
    - Color总帧: 367
    - 有效三路对齐帧: 1

  有效帧（含 Color）: 1
  实际导出帧数: 1

初始化天眸读取器...
  天眸总帧数: 505

提取RealSense Color和Depth图像...
正在提取RealSense图像...
  执行: rs-convert -i /projects/0530_extreme9/realsense1970-1-1/9-4-3.bag -c -p /projects/calib_data/output_0530_extreme9/realsense_raw/color/frame_
  使用 rs-convert -d -r 提取原始深度到临时目录...
    执行: rs-convert -i /projects/0530_extreme9/realsense1970-1-1/9-4-3.bag -d -r /tmp/rs_depth_1lzms91c/
    找到 311 个 .raw 文件, 311 个 metadata
    建立了 311 个 Counter 映射
    转换 .raw 为 16 位 PNG...
      [1] counter=0: 510-65535mm
      [2] counter=1: 1762-65535mm
      [3] counter=2: 941-65535mm
      [100] counter=108: 1072-13865mm
      [200] counter=208: 954-65535mm
      [300] counter=312: 356-65535mm
    原始深度: 311 帧 -> 有效 PNG: 311 帧
  索引文件中 Color Counter 范围: 11 - 11 (共1个)
  索引文件中 Depth Counter 范围: 11 - 11 (共1个)
  找到 308 张 Color 图像
  找到 308 个 metadata 文件
  调试: 前3个metadata文件: ['frame__Color_metadata_3849189.50269400002435.txt', 'frame__Color_metadata_3849222.12291999999434.txt', 'frame__Color_metadata_3849255.23906999966130.txt']
    metadata=frame__Color_metadata_3849189.50269400002435.txt, Frame Counter=0
    metadata=frame__Color_metadata_3849222.12291999999434.txt, Frame Counter=1
    metadata=frame__Color_metadata_3849255.23906999966130.txt, Frame Counter=2
  调试: 前3个图像文件: ['frame__Color_3849189.50269400002435.png', 'frame__Color_3849222.12291999999434.png', 'frame__Color_3849255.23906999966130.png']
  建立了 308 个映射
  示例: Counter [0, 1, 2, 3, 4] -> frame__Color_3849189.50269400002435.png
  找到 311 张 Depth 图像
  使用 Raw Depth 模式解析文件名...
    建立了 311 个映射
    示例: Counter [0, 1, 2, 3, 4] -> depth_000000.png

开始导出帧...
  进度: 1/1 (100.0%) | 耗时: 8.5s | ETA: 0.0s

============================================================
导出完成!
  成功导出: 1 帧
  错误: 0 帧
  输出目录: /projects/calib_data/output_0530_extreme9
    - 天眸图像: /projects/calib_data/output_0530_extreme9/tianmou
    - Color图像: /projects/calib_data/output_0530_extreme9/color
    - Depth图像: /projects/calib_data/output_0530_extreme9/depth
    - 对比图像: /projects/calib_data/output_0530_extreme9/comparison
============================================================
Construct begin /projects/0530_extreme9/tianmou/rod/tianmouc_raw_data_384725291.tmdat, file size 1676907736
Construct begin /projects/0530_extreme9/tianmou/cone/tianmouc_raw_data_384722024.tmdat, file size 103866048
外参（RS→TM）:
  R_inv:
[[ 0.99992037 -0.00441774  0.01182087]
 [ 0.004458    0.99998435 -0.00338126]
 [-0.01180575  0.00343369  0.99992441]]
  T_inv: [  9.01713807 -77.26503834 -29.40806822]
  |T_inv|: 83.16 mm
加载索引文件: /home/nvidia/Desktop/cxr_multi_sensor/yyf_new/output_0530_extreme9.json
  原始帧数: 1, 有效帧(含Color): 1
数据目录: /projects/calib_data/output_0530_extreme9
输出目录: /projects/calib_data/output_0530_extreme9/compare_0408/
对齐深度目录: /projects/calib_data/output_0530_extreme9/depth_tm_0408/
天眸分辨率: 640×320, RealSense深度分辨率: 640×480
飞点过滤: 7×7 窗口, 有效点≥5 且 d-median>350.0mm → 剔除
找到 1 个深度文件

对齐中:   0%|          | 0/1 [00:00<?, ?it/s]/home/nvidia/Desktop/cxr_multi_sensor/yyf_new/calib/depth_0408.py:201: RuntimeWarning: All-NaN slice encountered
  med = np.nanmedian(patches, axis=(2, 3))

对齐中: 100%|██████████| 1/1 [00:00<00:00,  1.14it/s]
对齐中: 100%|██████████| 1/1 [00:00<00:00,  1.14it/s]

frames.json 已生成: /projects/calib_data/output_0530_extreme9/depth_tm_0408/frames.json
完成！可视化 → /projects/calib_data/output_0530_extreme9/compare_0408/，对齐深度 → /projects/calib_data/output_0530_extreme9/depth_tm_0408/

############################################################
# Processing dataset: 0530_extreme9
#   Source root : /projects/0530_extreme9
#   JSON file   : /home/nvidia/Desktop/cxr_multi_sensor/yyf_new/output_0530_extreme9.json
#   Output dir  : /projects/calib_data/output_0530_extreme9
############################################################
[OK] Output directory ready: /projects/calib_data/output_0530_extreme9

============================================================
STEP: Generate aligned index (post_process.py)
CMD : python3 post_process.py --root /projects/0530_extreme9 -o /home/nvidia/Desktop/cxr_multi_sensor/yyf_new/output_0530_extreme9.json
============================================================
[OK] Step 'Generate aligned index (post_process.py)' completed.

============================================================
STEP: Export time-aligned frames (export_aligned_frames.py)
CMD : python3 export_aligned_frames.py --root /projects/0530_extreme9 --index /home/nvidia/Desktop/cxr_multi_sensor/yyf_new/output_0530_extreme9.json --output /projects/calib_data/output_0530_extreme9 --use-raw-depth
============================================================
[OK] Step 'Export time-aligned frames (export_aligned_frames.py)' completed.

============================================================
STEP: Export calibrated frames (depth_0408.py)
CMD : python3 calib/depth_0408.py --base /projects/calib_data/output_0530_extreme9 --index /home/nvidia/Desktop/cxr_multi_sensor/yyf_new/output_0530_extreme9.json
============================================================
[OK] Step 'Export calibrated frames (depth_0408.py)' completed.

============================================================
[DONE] Dataset '0530_extreme9' fully processed.
       Output saved to: /projects/calib_data/output_0530_extreme9
============================================================
[EXIT] code=0
