The system is: Linux - 5.10.192-tegra - aarch64
Compiling the C compiler identification source file "CMakeCCompilerId.c" succeeded.
Compiler: /usr/bin/gcc-13 
Build flags: 
Id flags:  

The output was:
0


Compilation of the C compiler identification source "CMakeCCompilerId.c" produced "a.out"

The C compiler identification is GNU, found in "/home/nvidia/Desktop/cxr_multi_sensor/yyf/CMakeFiles/3.22.1/CompilerIdC/a.out"

Compiling the CXX compiler identification source file "CMakeCXXCompilerId.cpp" succeeded.
Compiler: /usr/bin/g++-13 
Build flags: 
Id flags:  

The output was:
0


Compilation of the CXX compiler identification source "CMakeCXXCompilerId.cpp" produced "a.out"

The CXX compiler identification is GNU, found in "/home/nvidia/Desktop/cxr_multi_sensor/yyf/CMakeFiles/3.22.1/CompilerIdCXX/a.out"

Detecting C compiler ABI info compiled with the following output:
Change Dir: /home/nvidia/Desktop/cxr_multi_sensor/yyf/CMakeFiles/CMakeTmp

Run Build Command(s):/usr/bin/make -f Makefile cmTC_aadd0/fast && /usr/bin/make  -f CMakeFiles/cmTC_aadd0.dir/build.make CMakeFiles/cmTC_aadd0.dir/build
make[1]: Entering directory '/home/nvidia/Desktop/cxr_multi_sensor/yyf/CMakeFiles/CMakeTmp'
Building C object CMakeFiles/cmTC_aadd0.dir/CMakeCCompilerABI.c.o
/usr/bin/gcc-13   -v -o CMakeFiles/cmTC_aadd0.dir/CMakeCCompilerABI.c.o -c /usr/share/cmake-3.22/Modules/CMakeCCompilerABI.c
Using built-in specs.
COLLECT_GCC=/usr/bin/gcc-13
Target: aarch64-linux-gnu
Configured with: ../src/configure -v --with-pkgversion='Ubuntu 13.1.0-8ubuntu1~20.04.2' --with-bugurl=file:///usr/share/doc/gcc-13/README.Bugs --enable-languages=c,ada,c++,go,d,fortran,objc,obj-c++,m2,rust --prefix=/usr --with-gcc-major-version-only --program-suffix=-13 --program-prefix=aarch64-linux-gnu- --enable-shared --enable-linker-build-id --libexecdir=/usr/libexec --without-included-gettext --enable-threads=posix --libdir=/usr/lib --enable-nls --enable-clocale=gnu --enable-libstdcxx-debug --enable-libstdcxx-time=yes --with-default-libstdcxx-abi=new --enable-gnu-unique-object --disable-libquadmath --disable-libquadmath-support --enable-plugin --enable-default-pie --with-system-zlib --enable-libphobos-checking=release --with-target-system-zlib=auto --enable-objc-gc=auto --enable-multiarch --enable-fix-cortex-a53-843419 --disable-werror --enable-checking=release --build=aarch64-linux-gnu --host=aarch64-linux-gnu --target=aarch64-linux-gnu
Thread model: posix
Supported LTO compression algorithms: zlib zstd
gcc version 13.1.0 (Ubuntu 13.1.0-8ubuntu1~20.04.2) 
COLLECT_GCC_OPTIONS='-v' '-o' 'CMakeFiles/cmTC_aadd0.dir/CMakeCCompilerABI.c.o' '-c' '-mlittle-endian' '-mabi=lp64' '-dumpdir' 'CMakeFiles/cmTC_aadd0.dir/'
 /usr/libexec/gcc/aarch64-linux-gnu/13/cc1 -quiet -v -imultiarch aarch64-linux-gnu /usr/share/cmake-3.22/Modules/CMakeCCompilerABI.c -quiet -dumpdir CMakeFiles/cmTC_aadd0.dir/ -dumpbase CMakeCCompilerABI.c.c -dumpbase-ext .c -mlittle-endian -mabi=lp64 -version -fasynchronous-unwind-tables -fstack-protector-strong -Wformat -Wformat-security -fstack-clash-protection -o /tmp/ccbOrF5S.s
GNU C17 (Ubuntu 13.1.0-8ubuntu1~20.04.2) version 13.1.0 (aarch64-linux-gnu)
	compiled by GNU C version 13.1.0, GMP version 6.2.0, MPFR version 4.0.2, MPC version 1.1.0, isl version isl-0.22.1-GMP

GGC heuristics: --param ggc-min-expand=100 --param ggc-min-heapsize=131072
ignoring nonexistent directory "/usr/local/include/aarch64-linux-gnu"
ignoring nonexistent directory "/usr/lib/gcc/aarch64-linux-gnu/13/include-fixed/aarch64-linux-gnu"
ignoring nonexistent directory "/usr/lib/gcc/aarch64-linux-gnu/13/include-fixed"
ignoring nonexistent directory "/usr/lib/gcc/aarch64-linux-gnu/13/../../../../aarch64-linux-gnu/include"
#include "..." search starts here:
#include <...> search starts here:
 /usr/lib/gcc/aarch64-linux-gnu/13/include
 /usr/local/include
 /usr/include/aarch64-linux-gnu
 /usr/include
End of search list.
Compiler executable checksum: 07cc759fd67f011fe7cc976b573d4257
COLLECT_GCC_OPTIONS='-v' '-o' 'CMakeFiles/cmTC_aadd0.dir/CMakeCCompilerABI.c.o' '-c' '-mlittle-endian' '-mabi=lp64' '-dumpdir' 'CMakeFiles/cmTC_aadd0.dir/'
 as -v -EL -mabi=lp64 -o CMakeFiles/cmTC_aadd0.dir/CMakeCCompilerABI.c.o /tmp/ccbOrF5S.s
GNU assembler version 2.34 (aarch64-linux-gnu) using BFD version (GNU Binutils for Ubuntu) 2.34
COMPILER_PATH=/usr/libexec/gcc/aarch64-linux-gnu/13/:/usr/libexec/gcc/aarch64-linux-gnu/13/:/usr/libexec/gcc/aarch64-linux-gnu/:/usr/lib/gcc/aarch64-linux-gnu/13/:/usr/lib/gcc/aarch64-linux-gnu/
LIBRARY_PATH=/usr/lib/gcc/aarch64-linux-gnu/13/:/usr/lib/gcc/aarch64-linux-gnu/13/../../../aarch64-linux-gnu/:/usr/lib/gcc/aarch64-linux-gnu/13/../../../../lib/:/lib/aarch64-linux-gnu/:/lib/../lib/:/usr/lib/aarch64-linux-gnu/:/usr/lib/../lib/:/usr/lib/gcc/aarch64-linux-gnu/13/../../../:/lib/:/usr/lib/
COLLECT_GCC_OPTIONS='-v' '-o' 'CMakeFiles/cmTC_aadd0.dir/CMakeCCompilerABI.c.o' '-c' '-mlittle-endian' '-mabi=lp64' '-dumpdir' 'CMakeFiles/cmTC_aadd0.dir/CMakeCCompilerABI.c.'
Linking C executable cmTC_aadd0
/usr/bin/cmake -E cmake_link_script CMakeFiles/cmTC_aadd0.dir/link.txt --verbose=1
/usr/bin/gcc-13  -v CMakeFiles/cmTC_aadd0.dir/CMakeCCompilerABI.c.o -o cmTC_aadd0 
Using built-in specs.
COLLECT_GCC=/usr/bin/gcc-13
COLLECT_LTO_WRAPPER=/usr/libexec/gcc/aarch64-linux-gnu/13/lto-wrapper
Target: aarch64-linux-gnu
Configured with: ../src/configure -v --with-pkgversion='Ubuntu 13.1.0-8ubuntu1~20.04.2' --with-bugurl=file:///usr/share/doc/gcc-13/README.Bugs --enable-languages=c,ada,c++,go,d,fortran,objc,obj-c++,m2,rust --prefix=/usr --with-gcc-major-version-only --program-suffix=-13 --program-prefix=aarch64-linux-gnu- --enable-shared --enable-linker-build-id --libexecdir=/usr/libexec --without-included-gettext --enable-threads=posix --libdir=/usr/lib --enable-nls --enable-clocale=gnu --enable-libstdcxx-debug --enable-libstdcxx-time=yes --with-default-libstdcxx-abi=new --enable-gnu-unique-object --disable-libquadmath --disable-libquadmath-support --enable-plugin --enable-default-pie --with-system-zlib --enable-libphobos-checking=release --with-target-system-zlib=auto --enable-objc-gc=auto --enable-multiarch --enable-fix-cortex-a53-843419 --disable-werror --enable-checking=release --build=aarch64-linux-gnu --host=aarch64-linux-gnu --target=aarch64-linux-gnu
Thread model: posix
Supported LTO compression algorithms: zlib zstd
gcc version 13.1.0 (Ubuntu 13.1.0-8ubuntu1~20.04.2) 
COMPILER_PATH=/usr/libexec/gcc/aarch64-linux-gnu/13/:/usr/libexec/gcc/aarch64-linux-gnu/13/:/usr/libexec/gcc/aarch64-linux-gnu/:/usr/lib/gcc/aarch64-linux-gnu/13/:/usr/lib/gcc/aarch64-linux-gnu/
LIBRARY_PATH=/usr/lib/gcc/aarch64-linux-gnu/13/:/usr/lib/gcc/aarch64-linux-gnu/13/../../../aarch64-linux-gnu/:/usr/lib/gcc/aarch64-linux-gnu/13/../../../../lib/:/lib/aarch64-linux-gnu/:/lib/../lib/:/usr/lib/aarch64-linux-gnu/:/usr/lib/../lib/:/usr/lib/gcc/aarch64-linux-gnu/13/../../../:/lib/:/usr/lib/
COLLECT_GCC_OPTIONS='-v' '-o' 'cmTC_aadd0' '-mlittle-endian' '-mabi=lp64' '-dumpdir' 'cmTC_aadd0.'
 /usr/libexec/gcc/aarch64-linux-gnu/13/collect2 -plugin /usr/libexec/gcc/aarch64-linux-gnu/13/liblto_plugin.so -plugin-opt=/usr/libexec/gcc/aarch64-linux-gnu/13/lto-wrapper -plugin-opt=-fresolution=/tmp/ccKHr12l.res -plugin-opt=-pass-through=-lgcc -plugin-opt=-pass-through=-lgcc_s -plugin-opt=-pass-through=-lc -plugin-opt=-pass-through=-lgcc -plugin-opt=-pass-through=-lgcc_s --build-id --eh-frame-hdr --hash-style=gnu --as-needed -dynamic-linker /lib/ld-linux-aarch64.so.1 -X -EL -maarch64linux --fix-cortex-a53-843419 -pie -z now -z relro -o cmTC_aadd0 /usr/lib/gcc/aarch64-linux-gnu/13/../../../aarch64-linux-gnu/Scrt1.o /usr/lib/gcc/aarch64-linux-gnu/13/../../../aarch64-linux-gnu/crti.o /usr/lib/gcc/aarch64-linux-gnu/13/crtbeginS.o -L/usr/lib/gcc/aarch64-linux-gnu/13 -L/usr/lib/gcc/aarch64-linux-gnu/13/../../../aarch64-linux-gnu -L/usr/lib/gcc/aarch64-linux-gnu/13/../../../../lib -L/lib/aarch64-linux-gnu -L/lib/../lib -L/usr/lib/aarch64-linux-gnu -L/usr/lib/../lib -L/usr/lib/gcc/aarch64-linux-gnu/13/../../.. CMakeFiles/cmTC_aadd0.dir/CMakeCCompilerABI.c.o -lgcc --push-state --as-needed -lgcc_s --pop-state -lc -lgcc --push-state --as-needed -lgcc_s --pop-state /usr/lib/gcc/aarch64-linux-gnu/13/crtendS.o /usr/lib/gcc/aarch64-linux-gnu/13/../../../aarch64-linux-gnu/crtn.o
COLLECT_GCC_OPTIONS='-v' '-o' 'cmTC_aadd0' '-mlittle-endian' '-mabi=lp64' '-dumpdir' 'cmTC_aadd0.'
make[1]: Leaving directory '/home/nvidia/Desktop/cxr_multi_sensor/yyf/CMakeFiles/CMakeTmp'



Parsed C implicit include dir info from above output: rv=done
  found start of include info
  found start of implicit include info
    add: [/usr/lib/gcc/aarch64-linux-gnu/13/include]
    add: [/usr/local/include]
    add: [/usr/include/aarch64-linux-gnu]
    add: [/usr/include]
  end of search list found
  collapse include dir [/usr/lib/gcc/aarch64-linux-gnu/13/include] ==> [/usr/lib/gcc/aarch64-linux-gnu/13/include]
  collapse include dir [/usr/local/include] ==> [/usr/local/include]
  collapse include dir [/usr/include/aarch64-linux-gnu] ==> [/usr/include/aarch64-linux-gnu]
  collapse include dir [/usr/include] ==> [/usr/include]
  implicit include dirs: [/usr/lib/gcc/aarch64-linux-gnu/13/include;/usr/local/include;/usr/include/aarch64-linux-gnu;/usr/include]


Parsed C implicit link information from above output:
  link line regex: [^( *|.*[/\])(ld|CMAKE_LINK_STARTFILE-NOTFOUND|([^/\]+-)?ld|collect2)[^/\]*( |$)]
  ignore line: [Change Dir: /home/nvidia/Desktop/cxr_multi_sensor/yyf/CMakeFiles/CMakeTmp]
  ignore line: []
  ignore line: [Run Build Command(s):/usr/bin/make -f Makefile cmTC_aadd0/fast && /usr/bin/make  -f CMakeFiles/cmTC_aadd0.dir/build.make CMakeFiles/cmTC_aadd0.dir/build]
  ignore line: [make[1]: Entering directory '/home/nvidia/Desktop/cxr_multi_sensor/yyf/CMakeFiles/CMakeTmp']
  ignore line: [Building C object CMakeFiles/cmTC_aadd0.dir/CMakeCCompilerABI.c.o]
  ignore line: [/usr/bin/gcc-13   -v -o CMakeFiles/cmTC_aadd0.dir/CMakeCCompilerABI.c.o -c /usr/share/cmake-3.22/Modules/CMakeCCompilerABI.c]
  ignore line: [Using built-in specs.]
  ignore line: [COLLECT_GCC=/usr/bin/gcc-13]
  ignore line: [Target: aarch64-linux-gnu]
  ignore line: [Configured with: ../src/configure -v --with-pkgversion='Ubuntu 13.1.0-8ubuntu1~20.04.2' --with-bugurl=file:///usr/share/doc/gcc-13/README.Bugs --enable-languages=c ada c++ go d fortran objc obj-c++ m2 rust --prefix=/usr --with-gcc-major-version-only --program-suffix=-13 --program-prefix=aarch64-linux-gnu- --enable-shared --enable-linker-build-id --libexecdir=/usr/libexec --without-included-gettext --enable-threads=posix --libdir=/usr/lib --enable-nls --enable-clocale=gnu --enable-libstdcxx-debug --enable-libstdcxx-time=yes --with-default-libstdcxx-abi=new --enable-gnu-unique-object --disable-libquadmath --disable-libquadmath-support --enable-plugin --enable-default-pie --with-system-zlib --enable-libphobos-checking=release --with-target-system-zlib=auto --enable-objc-gc=auto --enable-multiarch --enable-fix-cortex-a53-843419 --disable-werror --enable-checking=release --build=aarch64-linux-gnu --host=aarch64-linux-gnu --target=aarch64-linux-gnu]
  ignore line: [Thread model: posix]
  ignore line: [Supported LTO compression algorithms: zlib zstd]
  ignore line: [gcc version 13.1.0 (Ubuntu 13.1.0-8ubuntu1~20.04.2) ]
  ignore line: [COLLECT_GCC_OPTIONS='-v' '-o' 'CMakeFiles/cmTC_aadd0.dir/CMakeCCompilerABI.c.o' '-c' '-mlittle-endian' '-mabi=lp64' '-dumpdir' 'CMakeFiles/cmTC_aadd0.dir/']
  ignore line: [ /usr/libexec/gcc/aarch64-linux-gnu/13/cc1 -quiet -v -imultiarch aarch64-linux-gnu /usr/share/cmake-3.22/Modules/CMakeCCompilerABI.c -quiet -dumpdir CMakeFiles/cmTC_aadd0.dir/ -dumpbase CMakeCCompilerABI.c.c -dumpbase-ext .c -mlittle-endian -mabi=lp64 -version -fasynchronous-unwind-tables -fstack-protector-strong -Wformat -Wformat-security -fstack-clash-protection -o /tmp/ccbOrF5S.s]
  ignore line: [GNU C17 (Ubuntu 13.1.0-8ubuntu1~20.04.2) version 13.1.0 (aarch64-linux-gnu)]
  ignore line: [	compiled by GNU C version 13.1.0  GMP version 6.2.0  MPFR version 4.0.2  MPC version 1.1.0  isl version isl-0.22.1-GMP]
  ignore line: []
  ignore line: [GGC heuristics: --param ggc-min-expand=100 --param ggc-min-heapsize=131072]
  ignore line: [ignoring nonexistent directory "/usr/local/include/aarch64-linux-gnu"]
  ignore line: [ignoring nonexistent directory "/usr/lib/gcc/aarch64-linux-gnu/13/include-fixed/aarch64-linux-gnu"]
  ignore line: [ignoring nonexistent directory "/usr/lib/gcc/aarch64-linux-gnu/13/include-fixed"]
  ignore line: [ignoring nonexistent directory "/usr/lib/gcc/aarch64-linux-gnu/13/../../../../aarch64-linux-gnu/include"]
  ignore line: [#include "..." search starts here:]
  ignore line: [#include <...> search starts here:]
  ignore line: [ /usr/lib/gcc/aarch64-linux-gnu/13/include]
  ignore line: [ /usr/local/include]
  ignore line: [ /usr/include/aarch64-linux-gnu]
  ignore line: [ /usr/include]
  ignore line: [End of search list.]
  ignore line: [Compiler executable checksum: 07cc759fd67f011fe7cc976b573d4257]
  ignore line: [COLLECT_GCC_OPTIONS='-v' '-o' 'CMakeFiles/cmTC_aadd0.dir/CMakeCCompilerABI.c.o' '-c' '-mlittle-endian' '-mabi=lp64' '-dumpdir' 'CMakeFiles/cmTC_aadd0.dir/']
  ignore line: [ as -v -EL -mabi=lp64 -o CMakeFiles/cmTC_aadd0.dir/CMakeCCompilerABI.c.o /tmp/ccbOrF5S.s]
  ignore line: [GNU assembler version 2.34 (aarch64-linux-gnu) using BFD version (GNU Binutils for Ubuntu) 2.34]
  ignore line: [COMPILER_PATH=/usr/libexec/gcc/aarch64-linux-gnu/13/:/usr/libexec/gcc/aarch64-linux-gnu/13/:/usr/libexec/gcc/aarch64-linux-gnu/:/usr/lib/gcc/aarch64-linux-gnu/13/:/usr/lib/gcc/aarch64-linux-gnu/]
  ignore line: [LIBRARY_PATH=/usr/lib/gcc/aarch64-linux-gnu/13/:/usr/lib/gcc/aarch64-linux-gnu/13/../../../aarch64-linux-gnu/:/usr/lib/gcc/aarch64-linux-gnu/13/../../../../lib/:/lib/aarch64-linux-gnu/:/lib/../lib/:/usr/lib/aarch64-linux-gnu/:/usr/lib/../lib/:/usr/lib/gcc/aarch64-linux-gnu/13/../../../:/lib/:/usr/lib/]
  ignore line: [COLLECT_GCC_OPTIONS='-v' '-o' 'CMakeFiles/cmTC_aadd0.dir/CMakeCCompilerABI.c.o' '-c' '-mlittle-endian' '-mabi=lp64' '-dumpdir' 'CMakeFiles/cmTC_aadd0.dir/CMakeCCompilerABI.c.']
  ignore line: [Linking C executable cmTC_aadd0]
  ignore line: [/usr/bin/cmake -E cmake_link_script CMakeFiles/cmTC_aadd0.dir/link.txt --verbose=1]
  ignore line: [/usr/bin/gcc-13  -v CMakeFiles/cmTC_aadd0.dir/CMakeCCompilerABI.c.o -o cmTC_aadd0 ]
  ignore line: [Using built-in specs.]
  ignore line: [COLLECT_GCC=/usr/bin/gcc-13]
  ignore line: [COLLECT_LTO_WRAPPER=/usr/libexec/gcc/aarch64-linux-gnu/13/lto-wrapper]
  ignore line: [Target: aarch64-linux-gnu]
  ignore line: [Configured with: ../src/configure -v --with-pkgversion='Ubuntu 13.1.0-8ubuntu1~20.04.2' --with-bugurl=file:///usr/share/doc/gcc-13/README.Bugs --enable-languages=c ada c++ go d fortran objc obj-c++ m2 rust --prefix=/usr --with-gcc-major-version-only --program-suffix=-13 --program-prefix=aarch64-linux-gnu- --enable-shared --enable-linker-build-id --libexecdir=/usr/libexec --without-included-gettext --enable-threads=posix --libdir=/usr/lib --enable-nls --enable-clocale=gnu --enable-libstdcxx-debug --enable-libstdcxx-time=yes --with-default-libstdcxx-abi=new --enable-gnu-unique-object --disable-libquadmath --disable-libquadmath-support --enable-plugin --enable-default-pie --with-system-zlib --enable-libphobos-checking=release --with-target-system-zlib=auto --enable-objc-gc=auto --enable-multiarch --enable-fix-cortex-a53-843419 --disable-werror --enable-checking=release --build=aarch64-linux-gnu --host=aarch64-linux-gnu --target=aarch64-linux-gnu]
  ignore line: [Thread model: posix]
  ignore line: [Supported LTO compression algorithms: zlib zstd]
  ignore line: [gcc version 13.1.0 (Ubuntu 13.1.0-8ubuntu1~20.04.2) ]
  ignore line: [COMPILER_PATH=/usr/libexec/gcc/aarch64-linux-gnu/13/:/usr/libexec/gcc/aarch64-linux-gnu/13/:/usr/libexec/gcc/aarch64-linux-gnu/:/usr/lib/gcc/aarch64-linux-gnu/13/:/usr/lib/gcc/aarch64-linux-gnu/]
  ignore line: [LIBRARY_PATH=/usr/lib/gcc/aarch64-linux-gnu/13/:/usr/lib/gcc/aarch64-linux-gnu/13/../../../aarch64-linux-gnu/:/usr/lib/gcc/aarch64-linux-gnu/13/../../../../lib/:/lib/aarch64-linux-gnu/:/lib/../lib/:/usr/lib/aarch64-linux-gnu/:/usr/lib/../lib/:/usr/lib/gcc/aarch64-linux-gnu/13/../../../:/lib/:/usr/lib/]
  ignore line: [COLLECT_GCC_OPTIONS='-v' '-o' 'cmTC_aadd0' '-mlittle-endian' '-mabi=lp64' '-dumpdir' 'cmTC_aadd0.']
  link line: [ /usr/libexec/gcc/aarch64-linux-gnu/13/collect2 -plugin /usr/libexec/gcc/aarch64-linux-gnu/13/liblto_plugin.so -plugin-opt=/usr/libexec/gcc/aarch64-linux-gnu/13/lto-wrapper -plugin-opt=-fresolution=/tmp/ccKHr12l.res -plugin-opt=-pass-through=-lgcc -plugin-opt=-pass-through=-lgcc_s -plugin-opt=-pass-through=-lc -plugin-opt=-pass-through=-lgcc -plugin-opt=-pass-through=-lgcc_s --build-id --eh-frame-hdr --hash-style=gnu --as-needed -dynamic-linker /lib/ld-linux-aarch64.so.1 -X -EL -maarch64linux --fix-cortex-a53-843419 -pie -z now -z relro -o cmTC_aadd0 /usr/lib/gcc/aarch64-linux-gnu/13/../../../aarch64-linux-gnu/Scrt1.o /usr/lib/gcc/aarch64-linux-gnu/13/../../../aarch64-linux-gnu/crti.o /usr/lib/gcc/aarch64-linux-gnu/13/crtbeginS.o -L/usr/lib/gcc/aarch64-linux-gnu/13 -L/usr/lib/gcc/aarch64-linux-gnu/13/../../../aarch64-linux-gnu -L/usr/lib/gcc/aarch64-linux-gnu/13/../../../../lib -L/lib/aarch64-linux-gnu -L/lib/../lib -L/usr/lib/aarch64-linux-gnu -L/usr/lib/../lib -L/usr/lib/gcc/aarch64-linux-gnu/13/../../.. CMakeFiles/cmTC_aadd0.dir/CMakeCCompilerABI.c.o -lgcc --push-state --as-needed -lgcc_s --pop-state -lc -lgcc --push-state --as-needed -lgcc_s --pop-state /usr/lib/gcc/aarch64-linux-gnu/13/crtendS.o /usr/lib/gcc/aarch64-linux-gnu/13/../../../aarch64-linux-gnu/crtn.o]
    arg [/usr/libexec/gcc/aarch64-linux-gnu/13/collect2] ==> ignore
    arg [-plugin] ==> ignore
    arg [/usr/libexec/gcc/aarch64-linux-gnu/13/liblto_plugin.so] ==> ignore
    arg [-plugin-opt=/usr/libexec/gcc/aarch64-linux-gnu/13/lto-wrapper] ==> ignore
    arg [-plugin-opt=-fresolution=/tmp/ccKHr12l.res] ==> ignore
    arg [-plugin-opt=-pass-through=-lgcc] ==> ignore
    arg [-plugin-opt=-pass-through=-lgcc_s] ==> ignore
    arg [-plugin-opt=-pass-through=-lc] ==> ignore
    arg [-plugin-opt=-pass-through=-lgcc] ==> ignore
    arg [-plugin-opt=-pass-through=-lgcc_s] ==> ignore
    arg [--build-id] ==> ignore
    arg [--eh-frame-hdr] ==> ignore
    arg [--hash-style=gnu] ==> ignore
    arg [--as-needed] ==> ignore
    arg [-dynamic-linker] ==> ignore
    arg [/lib/ld-linux-aarch64.so.1] ==> ignore
    arg [-X] ==> ignore
    arg [-EL] ==> ignore
    arg [-maarch64linux] ==> ignore
    arg [--fix-cortex-a53-843419] ==> ignore
    arg [-pie] ==> ignore
    arg [-znow] ==> ignore
    arg [-zrelro] ==> ignore
    arg [-o] ==> ignore
    arg [cmTC_aadd0] ==> ignore
    arg [/usr/lib/gcc/aarch64-linux-gnu/13/../../../aarch64-linux-gnu/Scrt1.o] ==> obj [/usr/lib/gcc/aarch64-linux-gnu/13/../../../aarch64-linux-gnu/Scrt1.o]
    arg [/usr/lib/gcc/aarch64-linux-gnu/13/../../../aarch64-linux-gnu/crti.o] ==> obj [/usr/lib/gcc/aarch64-linux-gnu/13/../../../aarch64-linux-gnu/crti.o]
    arg [/usr/lib/gcc/aarch64-linux-gnu/13/crtbeginS.o] ==> obj [/usr/lib/gcc/aarch64-linux-gnu/13/crtbeginS.o]
    arg [-L/usr/lib/gcc/aarch64-linux-gnu/13] ==> dir [/usr/lib/gcc/aarch64-linux-gnu/13]
    arg [-L/usr/lib/gcc/aarch64-linux-gnu/13/../../../aarch64-linux-gnu] ==> dir [/usr/lib/gcc/aarch64-linux-gnu/13/../../../aarch64-linux-gnu]
    arg [-L/usr/lib/gcc/aarch64-linux-gnu/13/../../../../lib] ==> dir [/usr/lib/gcc/aarch64-linux-gnu/13/../../../../lib]
    arg [-L/lib/aarch64-linux-gnu] ==> dir [/lib/aarch64-linux-gnu]
    arg [-L/lib/../lib] ==> dir [/lib/../lib]
    arg [-L/usr/lib/aarch64-linux-gnu] ==> dir [/usr/lib/aarch64-linux-gnu]
    arg [-L/usr/lib/../lib] ==> dir [/usr/lib/../lib]
    arg [-L/usr/lib/gcc/aarch64-linux-gnu/13/../../..] ==> dir [/usr/lib/gcc/aarch64-linux-gnu/13/../../..]
    arg [CMakeFiles/cmTC_aadd0.dir/CMakeCCompilerABI.c.o] ==> ignore
    arg [-lgcc] ==> lib [gcc]
    arg [--push-state] ==> ignore
    arg [--as-needed] ==> ignore
    arg [-lgcc_s] ==> lib [gcc_s]
    arg [--pop-state] ==> ignore
    arg [-lc] ==> lib [c]
    arg [-lgcc] ==> lib [gcc]
    arg [--push-state] ==> ignore
    arg [--as-needed] ==> ignore
    arg [-lgcc_s] ==> lib [gcc_s]
    arg [--pop-state] ==> ignore
    arg [/usr/lib/gcc/aarch64-linux-gnu/13/crtendS.o] ==> obj [/usr/lib/gcc/aarch64-linux-gnu/13/crtendS.o]
    arg [/usr/lib/gcc/aarch64-linux-gnu/13/../../../aarch64-linux-gnu/crtn.o] ==> obj [/usr/lib/gcc/aarch64-linux-gnu/13/../../../aarch64-linux-gnu/crtn.o]
  collapse obj [/usr/lib/gcc/aarch64-linux-gnu/13/../../../aarch64-linux-gnu/Scrt1.o] ==> [/usr/lib/aarch64-linux-gnu/Scrt1.o]
  collapse obj [/usr/lib/gcc/aarch64-linux-gnu/13/../../../aarch64-linux-gnu/crti.o] ==> [/usr/lib/aarch64-linux-gnu/crti.o]
  collapse obj [/usr/lib/gcc/aarch64-linux-gnu/13/../../../aarch64-linux-gnu/crtn.o] ==> [/usr/lib/aarch64-linux-gnu/crtn.o]
  collapse library dir [/usr/lib/gcc/aarch64-linux-gnu/13] ==> [/usr/lib/gcc/aarch64-linux-gnu/13]
  collapse library dir [/usr/lib/gcc/aarch64-linux-gnu/13/../../../aarch64-linux-gnu] ==> [/usr/lib/aarch64-linux-gnu]
  collapse library dir [/usr/lib/gcc/aarch64-linux-gnu/13/../../../../lib] ==> [/usr/lib]
  collapse library dir [/lib/aarch64-linux-gnu] ==> [/lib/aarch64-linux-gnu]
  collapse library dir [/lib/../lib] ==> [/lib]
  collapse library dir [/usr/lib/aarch64-linux-gnu] ==> [/usr/lib/aarch64-linux-gnu]
  collapse library dir [/usr/lib/../lib] ==> [/usr/lib]
  collapse library dir [/usr/lib/gcc/aarch64-linux-gnu/13/../../..] ==> [/usr/lib]
  implicit libs: [gcc;gcc_s;c;gcc;gcc_s]
  implicit objs: [/usr/lib/aarch64-linux-gnu/Scrt1.o;/usr/lib/aarch64-linux-gnu/crti.o;/usr/lib/gcc/aarch64-linux-gnu/13/crtbeginS.o;/usr/lib/gcc/aarch64-linux-gnu/13/crtendS.o;/usr/lib/aarch64-linux-gnu/crtn.o]
  implicit dirs: [/usr/lib/gcc/aarch64-linux-gnu/13;/usr/lib/aarch64-linux-gnu;/usr/lib;/lib/aarch64-linux-gnu;/lib]
  implicit fwks: []


Detecting CXX compiler ABI info compiled with the following output:
Change Dir: /home/nvidia/Desktop/cxr_multi_sensor/yyf/CMakeFiles/CMakeTmp

Run Build Command(s):/usr/bin/make -f Makefile cmTC_12986/fast && /usr/bin/make  -f CMakeFiles/cmTC_12986.dir/build.make CMakeFiles/cmTC_12986.dir/build
make[1]: Entering directory '/home/nvidia/Desktop/cxr_multi_sensor/yyf/CMakeFiles/CMakeTmp'
Building CXX object CMakeFiles/cmTC_12986.dir/CMakeCXXCompilerABI.cpp.o
/usr/bin/g++-13   -v -o CMakeFiles/cmTC_12986.dir/CMakeCXXCompilerABI.cpp.o -c /usr/share/cmake-3.22/Modules/CMakeCXXCompilerABI.cpp
Using built-in specs.
COLLECT_GCC=/usr/bin/g++-13
Target: aarch64-linux-gnu
Configured with: ../src/configure -v --with-pkgversion='Ubuntu 13.1.0-8ubuntu1~20.04.2' --with-bugurl=file:///usr/share/doc/gcc-13/README.Bugs --enable-languages=c,ada,c++,go,d,fortran,objc,obj-c++,m2,rust --prefix=/usr --with-gcc-major-version-only --program-suffix=-13 --program-prefix=aarch64-linux-gnu- --enable-shared --enable-linker-build-id --libexecdir=/usr/libexec --without-included-gettext --enable-threads=posix --libdir=/usr/lib --enable-nls --enable-clocale=gnu --enable-libstdcxx-debug --enable-libstdcxx-time=yes --with-default-libstdcxx-abi=new --enable-gnu-unique-object --disable-libquadmath --disable-libquadmath-support --enable-plugin --enable-default-pie --with-system-zlib --enable-libphobos-checking=release --with-target-system-zlib=auto --enable-objc-gc=auto --enable-multiarch --enable-fix-cortex-a53-843419 --disable-werror --enable-checking=release --build=aarch64-linux-gnu --host=aarch64-linux-gnu --target=aarch64-linux-gnu
Thread model: posix
Supported LTO compression algorithms: zlib zstd
gcc version 13.1.0 (Ubuntu 13.1.0-8ubuntu1~20.04.2) 
COLLECT_GCC_OPTIONS='-v' '-o' 'CMakeFiles/cmTC_12986.dir/CMakeCXXCompilerABI.cpp.o' '-c' '-shared-libgcc' '-mlittle-endian' '-mabi=lp64' '-dumpdir' 'CMakeFiles/cmTC_12986.dir/'
 /usr/libexec/gcc/aarch64-linux-gnu/13/cc1plus -quiet -v -imultiarch aarch64-linux-gnu -D_GNU_SOURCE /usr/share/cmake-3.22/Modules/CMakeCXXCompilerABI.cpp -quiet -dumpdir CMakeFiles/cmTC_12986.dir/ -dumpbase CMakeCXXCompilerABI.cpp.cpp -dumpbase-ext .cpp -mlittle-endian -mabi=lp64 -version -fasynchronous-unwind-tables -fstack-protector-strong -Wformat -Wformat-security -fstack-clash-protection -o /tmp/ccnU7gVR.s
GNU C++17 (Ubuntu 13.1.0-8ubuntu1~20.04.2) version 13.1.0 (aarch64-linux-gnu)
	compiled by GNU C version 13.1.0, GMP version 6.2.0, MPFR version 4.0.2, MPC version 1.1.0, isl version isl-0.22.1-GMP

GGC heuristics: --param ggc-min-expand=100 --param ggc-min-heapsize=131072
ignoring duplicate directory "/usr/include/aarch64-linux-gnu/c++/13"
ignoring nonexistent directory "/usr/local/include/aarch64-linux-gnu"
ignoring nonexistent directory "/usr/lib/gcc/aarch64-linux-gnu/13/include-fixed/aarch64-linux-gnu"
ignoring nonexistent directory "/usr/lib/gcc/aarch64-linux-gnu/13/include-fixed"
ignoring nonexistent directory "/usr/lib/gcc/aarch64-linux-gnu/13/../../../../aarch64-linux-gnu/include"
#include "..." search starts here:
#include <...> search starts here:
 /usr/include/c++/13
 /usr/include/aarch64-linux-gnu/c++/13
 /usr/include/c++/13/backward
 /usr/lib/gcc/aarch64-linux-gnu/13/include
 /usr/local/include
 /usr/include/aarch64-linux-gnu
 /usr/include
End of search list.
Compiler executable checksum: 6127acbfd518a56ce553f5e68ef7da78
COLLECT_GCC_OPTIONS='-v' '-o' 'CMakeFiles/cmTC_12986.dir/CMakeCXXCompilerABI.cpp.o' '-c' '-shared-libgcc' '-mlittle-endian' '-mabi=lp64' '-dumpdir' 'CMakeFiles/cmTC_12986.dir/'
 as -v -EL -mabi=lp64 -o CMakeFiles/cmTC_12986.dir/CMakeCXXCompilerABI.cpp.o /tmp/ccnU7gVR.s
GNU assembler version 2.34 (aarch64-linux-gnu) using BFD version (GNU Binutils for Ubuntu) 2.34
COMPILER_PATH=/usr/libexec/gcc/aarch64-linux-gnu/13/:/usr/libexec/gcc/aarch64-linux-gnu/13/:/usr/libexec/gcc/aarch64-linux-gnu/:/usr/lib/gcc/aarch64-linux-gnu/13/:/usr/lib/gcc/aarch64-linux-gnu/
LIBRARY_PATH=/usr/lib/gcc/aarch64-linux-gnu/13/:/usr/lib/gcc/aarch64-linux-gnu/13/../../../aarch64-linux-gnu/:/usr/lib/gcc/aarch64-linux-gnu/13/../../../../lib/:/lib/aarch64-linux-gnu/:/lib/../lib/:/usr/lib/aarch64-linux-gnu/:/usr/lib/../lib/:/usr/lib/gcc/aarch64-linux-gnu/13/../../../:/lib/:/usr/lib/
COLLECT_GCC_OPTIONS='-v' '-o' 'CMakeFiles/cmTC_12986.dir/CMakeCXXCompilerABI.cpp.o' '-c' '-shared-libgcc' '-mlittle-endian' '-mabi=lp64' '-dumpdir' 'CMakeFiles/cmTC_12986.dir/CMakeCXXCompilerABI.cpp.'
Linking CXX executable cmTC_12986
/usr/bin/cmake -E cmake_link_script CMakeFiles/cmTC_12986.dir/link.txt --verbose=1
/usr/bin/g++-13  -v CMakeFiles/cmTC_12986.dir/CMakeCXXCompilerABI.cpp.o -o cmTC_12986 
Using built-in specs.
COLLECT_GCC=/usr/bin/g++-13
COLLECT_LTO_WRAPPER=/usr/libexec/gcc/aarch64-linux-gnu/13/lto-wrapper
Target: aarch64-linux-gnu
Configured with: ../src/configure -v --with-pkgversion='Ubuntu 13.1.0-8ubuntu1~20.04.2' --with-bugurl=file:///usr/share/doc/gcc-13/README.Bugs --enable-languages=c,ada,c++,go,d,fortran,objc,obj-c++,m2,rust --prefix=/usr --with-gcc-major-version-only --program-suffix=-13 --program-prefix=aarch64-linux-gnu- --enable-shared --enable-linker-build-id --libexecdir=/usr/libexec --without-included-gettext --enable-threads=posix --libdir=/usr/lib --enable-nls --enable-clocale=gnu --enable-libstdcxx-debug --enable-libstdcxx-time=yes --with-default-libstdcxx-abi=new --enable-gnu-unique-object --disable-libquadmath --disable-libquadmath-support --enable-plugin --enable-default-pie --with-system-zlib --enable-libphobos-checking=release --with-target-system-zlib=auto --enable-objc-gc=auto --enable-multiarch --enable-fix-cortex-a53-843419 --disable-werror --enable-checking=release --build=aarch64-linux-gnu --host=aarch64-linux-gnu --target=aarch64-linux-gnu
Thread model: posix
Supported LTO compression algorithms: zlib zstd
gcc version 13.1.0 (Ubuntu 13.1.0-8ubuntu1~20.04.2) 
COMPILER_PATH=/usr/libexec/gcc/aarch64-linux-gnu/13/:/usr/libexec/gcc/aarch64-linux-gnu/13/:/usr/libexec/gcc/aarch64-linux-gnu/:/usr/lib/gcc/aarch64-linux-gnu/13/:/usr/lib/gcc/aarch64-linux-gnu/
LIBRARY_PATH=/usr/lib/gcc/aarch64-linux-gnu/13/:/usr/lib/gcc/aarch64-linux-gnu/13/../../../aarch64-linux-gnu/:/usr/lib/gcc/aarch64-linux-gnu/13/../../../../lib/:/lib/aarch64-linux-gnu/:/lib/../lib/:/usr/lib/aarch64-linux-gnu/:/usr/lib/../lib/:/usr/lib/gcc/aarch64-linux-gnu/13/../../../:/lib/:/usr/lib/
COLLECT_GCC_OPTIONS='-v' '-o' 'cmTC_12986' '-shared-libgcc' '-mlittle-endian' '-mabi=lp64' '-dumpdir' 'cmTC_12986.'
 /usr/libexec/gcc/aarch64-linux-gnu/13/collect2 -plugin /usr/libexec/gcc/aarch64-linux-gnu/13/liblto_plugin.so -plugin-opt=/usr/libexec/gcc/aarch64-linux-gnu/13/lto-wrapper -plugin-opt=-fresolution=/tmp/cc0StV5l.res -plugin-opt=-pass-through=-lgcc_s -plugin-opt=-pass-through=-lgcc -plugin-opt=-pass-through=-lc -plugin-opt=-pass-through=-lgcc_s -plugin-opt=-pass-through=-lgcc --build-id --eh-frame-hdr --hash-style=gnu --as-needed -dynamic-linker /lib/ld-linux-aarch64.so.1 -X -EL -maarch64linux --fix-cortex-a53-843419 -pie -z now -z relro -o cmTC_12986 /usr/lib/gcc/aarch64-linux-gnu/13/../../../aarch64-linux-gnu/Scrt1.o /usr/lib/gcc/aarch64-linux-gnu/13/../../../aarch64-linux-gnu/crti.o /usr/lib/gcc/aarch64-linux-gnu/13/crtbeginS.o -L/usr/lib/gcc/aarch64-linux-gnu/13 -L/usr/lib/gcc/aarch64-linux-gnu/13/../../../aarch64-linux-gnu -L/usr/lib/gcc/aarch64-linux-gnu/13/../../../../lib -L/lib/aarch64-linux-gnu -L/lib/../lib -L/usr/lib/aarch64-linux-gnu -L/usr/lib/../lib -L/usr/lib/gcc/aarch64-linux-gnu/13/../../.. CMakeFiles/cmTC_12986.dir/CMakeCXXCompilerABI.cpp.o -lstdc++ -lm -lgcc_s -lgcc -lc -lgcc_s -lgcc /usr/lib/gcc/aarch64-linux-gnu/13/crtendS.o /usr/lib/gcc/aarch64-linux-gnu/13/../../../aarch64-linux-gnu/crtn.o
COLLECT_GCC_OPTIONS='-v' '-o' 'cmTC_12986' '-shared-libgcc' '-mlittle-endian' '-mabi=lp64' '-dumpdir' 'cmTC_12986.'
make[1]: Leaving directory '/home/nvidia/Desktop/cxr_multi_sensor/yyf/CMakeFiles/CMakeTmp'



Parsed CXX implicit include dir info from above output: rv=done
  found start of include info
  found start of implicit include info
    add: [/usr/include/c++/13]
    add: [/usr/include/aarch64-linux-gnu/c++/13]
    add: [/usr/include/c++/13/backward]
    add: [/usr/lib/gcc/aarch64-linux-gnu/13/include]
    add: [/usr/local/include]
    add: [/usr/include/aarch64-linux-gnu]
    add: [/usr/include]
  end of search list found
  collapse include dir [/usr/include/c++/13] ==> [/usr/include/c++/13]
  collapse include dir [/usr/include/aarch64-linux-gnu/c++/13] ==> [/usr/include/aarch64-linux-gnu/c++/13]
  collapse include dir [/usr/include/c++/13/backward] ==> [/usr/include/c++/13/backward]
  collapse include dir [/usr/lib/gcc/aarch64-linux-gnu/13/include] ==> [/usr/lib/gcc/aarch64-linux-gnu/13/include]
  collapse include dir [/usr/local/include] ==> [/usr/local/include]
  collapse include dir [/usr/include/aarch64-linux-gnu] ==> [/usr/include/aarch64-linux-gnu]
  collapse include dir [/usr/include] ==> [/usr/include]
  implicit include dirs: [/usr/include/c++/13;/usr/include/aarch64-linux-gnu/c++/13;/usr/include/c++/13/backward;/usr/lib/gcc/aarch64-linux-gnu/13/include;/usr/local/include;/usr/include/aarch64-linux-gnu;/usr/include]


Parsed CXX implicit link information from above output:
  link line regex: [^( *|.*[/\])(ld|CMAKE_LINK_STARTFILE-NOTFOUND|([^/\]+-)?ld|collect2)[^/\]*( |$)]
  ignore line: [Change Dir: /home/nvidia/Desktop/cxr_multi_sensor/yyf/CMakeFiles/CMakeTmp]
  ignore line: []
  ignore line: [Run Build Command(s):/usr/bin/make -f Makefile cmTC_12986/fast && /usr/bin/make  -f CMakeFiles/cmTC_12986.dir/build.make CMakeFiles/cmTC_12986.dir/build]
  ignore line: [make[1]: Entering directory '/home/nvidia/Desktop/cxr_multi_sensor/yyf/CMakeFiles/CMakeTmp']
  ignore line: [Building CXX object CMakeFiles/cmTC_12986.dir/CMakeCXXCompilerABI.cpp.o]
  ignore line: [/usr/bin/g++-13   -v -o CMakeFiles/cmTC_12986.dir/CMakeCXXCompilerABI.cpp.o -c /usr/share/cmake-3.22/Modules/CMakeCXXCompilerABI.cpp]
  ignore line: [Using built-in specs.]
  ignore line: [COLLECT_GCC=/usr/bin/g++-13]
  ignore line: [Target: aarch64-linux-gnu]
  ignore line: [Configured with: ../src/configure -v --with-pkgversion='Ubuntu 13.1.0-8ubuntu1~20.04.2' --with-bugurl=file:///usr/share/doc/gcc-13/README.Bugs --enable-languages=c ada c++ go d fortran objc obj-c++ m2 rust --prefix=/usr --with-gcc-major-version-only --program-suffix=-13 --program-prefix=aarch64-linux-gnu- --enable-shared --enable-linker-build-id --libexecdir=/usr/libexec --without-included-gettext --enable-threads=posix --libdir=/usr/lib --enable-nls --enable-clocale=gnu --enable-libstdcxx-debug --enable-libstdcxx-time=yes --with-default-libstdcxx-abi=new --enable-gnu-unique-object --disable-libquadmath --disable-libquadmath-support --enable-plugin --enable-default-pie --with-system-zlib --enable-libphobos-checking=release --with-target-system-zlib=auto --enable-objc-gc=auto --enable-multiarch --enable-fix-cortex-a53-843419 --disable-werror --enable-checking=release --build=aarch64-linux-gnu --host=aarch64-linux-gnu --target=aarch64-linux-gnu]
  ignore line: [Thread model: posix]
  ignore line: [Supported LTO compression algorithms: zlib zstd]
  ignore line: [gcc version 13.1.0 (Ubuntu 13.1.0-8ubuntu1~20.04.2) ]
  ignore line: [COLLECT_GCC_OPTIONS='-v' '-o' 'CMakeFiles/cmTC_12986.dir/CMakeCXXCompilerABI.cpp.o' '-c' '-shared-libgcc' '-mlittle-endian' '-mabi=lp64' '-dumpdir' 'CMakeFiles/cmTC_12986.dir/']
  ignore line: [ /usr/libexec/gcc/aarch64-linux-gnu/13/cc1plus -quiet -v -imultiarch aarch64-linux-gnu -D_GNU_SOURCE /usr/share/cmake-3.22/Modules/CMakeCXXCompilerABI.cpp -quiet -dumpdir CMakeFiles/cmTC_12986.dir/ -dumpbase CMakeCXXCompilerABI.cpp.cpp -dumpbase-ext .cpp -mlittle-endian -mabi=lp64 -version -fasynchronous-unwind-tables -fstack-protector-strong -Wformat -Wformat-security -fstack-clash-protection -o /tmp/ccnU7gVR.s]
  ignore line: [GNU C++17 (Ubuntu 13.1.0-8ubuntu1~20.04.2) version 13.1.0 (aarch64-linux-gnu)]
  ignore line: [	compiled by GNU C version 13.1.0  GMP version 6.2.0  MPFR version 4.0.2  MPC version 1.1.0  isl version isl-0.22.1-GMP]
  ignore line: []
  ignore line: [GGC heuristics: --param ggc-min-expand=100 --param ggc-min-heapsize=131072]
  ignore line: [ignoring duplicate directory "/usr/include/aarch64-linux-gnu/c++/13"]
  ignore line: [ignoring nonexistent directory "/usr/local/include/aarch64-linux-gnu"]
  ignore line: [ignoring nonexistent directory "/usr/lib/gcc/aarch64-linux-gnu/13/include-fixed/aarch64-linux-gnu"]
  ignore line: [ignoring nonexistent directory "/usr/lib/gcc/aarch64-linux-gnu/13/include-fixed"]
  ignore line: [ignoring nonexistent directory "/usr/lib/gcc/aarch64-linux-gnu/13/../../../../aarch64-linux-gnu/include"]
  ignore line: [#include "..." search starts here:]
  ignore line: [#include <...> search starts here:]
  ignore line: [ /usr/include/c++/13]
  ignore line: [ /usr/include/aarch64-linux-gnu/c++/13]
  ignore line: [ /usr/include/c++/13/backward]
  ignore line: [ /usr/lib/gcc/aarch64-linux-gnu/13/include]
  ignore line: [ /usr/local/include]
  ignore line: [ /usr/include/aarch64-linux-gnu]
  ignore line: [ /usr/include]
  ignore line: [End of search list.]
  ignore line: [Compiler executable checksum: 6127acbfd518a56ce553f5e68ef7da78]
  ignore line: [COLLECT_GCC_OPTIONS='-v' '-o' 'CMakeFiles/cmTC_12986.dir/CMakeCXXCompilerABI.cpp.o' '-c' '-shared-libgcc' '-mlittle-endian' '-mabi=lp64' '-dumpdir' 'CMakeFiles/cmTC_12986.dir/']
  ignore line: [ as -v -EL -mabi=lp64 -o CMakeFiles/cmTC_12986.dir/CMakeCXXCompilerABI.cpp.o /tmp/ccnU7gVR.s]
  ignore line: [GNU assembler version 2.34 (aarch64-linux-gnu) using BFD version (GNU Binutils for Ubuntu) 2.34]
  ignore line: [COMPILER_PATH=/usr/libexec/gcc/aarch64-linux-gnu/13/:/usr/libexec/gcc/aarch64-linux-gnu/13/:/usr/libexec/gcc/aarch64-linux-gnu/:/usr/lib/gcc/aarch64-linux-gnu/13/:/usr/lib/gcc/aarch64-linux-gnu/]
  ignore line: [LIBRARY_PATH=/usr/lib/gcc/aarch64-linux-gnu/13/:/usr/lib/gcc/aarch64-linux-gnu/13/../../../aarch64-linux-gnu/:/usr/lib/gcc/aarch64-linux-gnu/13/../../../../lib/:/lib/aarch64-linux-gnu/:/lib/../lib/:/usr/lib/aarch64-linux-gnu/:/usr/lib/../lib/:/usr/lib/gcc/aarch64-linux-gnu/13/../../../:/lib/:/usr/lib/]
  ignore line: [COLLECT_GCC_OPTIONS='-v' '-o' 'CMakeFiles/cmTC_12986.dir/CMakeCXXCompilerABI.cpp.o' '-c' '-shared-libgcc' '-mlittle-endian' '-mabi=lp64' '-dumpdir' 'CMakeFiles/cmTC_12986.dir/CMakeCXXCompilerABI.cpp.']
  ignore line: [Linking CXX executable cmTC_12986]
  ignore line: [/usr/bin/cmake -E cmake_link_script CMakeFiles/cmTC_12986.dir/link.txt --verbose=1]
  ignore line: [/usr/bin/g++-13  -v CMakeFiles/cmTC_12986.dir/CMakeCXXCompilerABI.cpp.o -o cmTC_12986 ]
  ignore line: [Using built-in specs.]
  ignore line: [COLLECT_GCC=/usr/bin/g++-13]
  ignore line: [COLLECT_LTO_WRAPPER=/usr/libexec/gcc/aarch64-linux-gnu/13/lto-wrapper]
  ignore line: [Target: aarch64-linux-gnu]
  ignore line: [Configured with: ../src/configure -v --with-pkgversion='Ubuntu 13.1.0-8ubuntu1~20.04.2' --with-bugurl=file:///usr/share/doc/gcc-13/README.Bugs --enable-languages=c ada c++ go d fortran objc obj-c++ m2 rust --prefix=/usr --with-gcc-major-version-only --program-suffix=-13 --program-prefix=aarch64-linux-gnu- --enable-shared --enable-linker-build-id --libexecdir=/usr/libexec --without-included-gettext --enable-threads=posix --libdir=/usr/lib --enable-nls --enable-clocale=gnu --enable-libstdcxx-debug --enable-libstdcxx-time=yes --with-default-libstdcxx-abi=new --enable-gnu-unique-object --disable-libquadmath --disable-libquadmath-support --enable-plugin --enable-default-pie --with-system-zlib --enable-libphobos-checking=release --with-target-system-zlib=auto --enable-objc-gc=auto --enable-multiarch --enable-fix-cortex-a53-843419 --disable-werror --enable-checking=release --build=aarch64-linux-gnu --host=aarch64-linux-gnu --target=aarch64-linux-gnu]
  ignore line: [Thread model: posix]
  ignore line: [Supported LTO compression algorithms: zlib zstd]
  ignore line: [gcc version 13.1.0 (Ubuntu 13.1.0-8ubuntu1~20.04.2) ]
  ignore line: [COMPILER_PATH=/usr/libexec/gcc/aarch64-linux-gnu/13/:/usr/libexec/gcc/aarch64-linux-gnu/13/:/usr/libexec/gcc/aarch64-linux-gnu/:/usr/lib/gcc/aarch64-linux-gnu/13/:/usr/lib/gcc/aarch64-linux-gnu/]
  ignore line: [LIBRARY_PATH=/usr/lib/gcc/aarch64-linux-gnu/13/:/usr/lib/gcc/aarch64-linux-gnu/13/../../../aarch64-linux-gnu/:/usr/lib/gcc/aarch64-linux-gnu/13/../../../../lib/:/lib/aarch64-linux-gnu/:/lib/../lib/:/usr/lib/aarch64-linux-gnu/:/usr/lib/../lib/:/usr/lib/gcc/aarch64-linux-gnu/13/../../../:/lib/:/usr/lib/]
  ignore line: [COLLECT_GCC_OPTIONS='-v' '-o' 'cmTC_12986' '-shared-libgcc' '-mlittle-endian' '-mabi=lp64' '-dumpdir' 'cmTC_12986.']
  link line: [ /usr/libexec/gcc/aarch64-linux-gnu/13/collect2 -plugin /usr/libexec/gcc/aarch64-linux-gnu/13/liblto_plugin.so -plugin-opt=/usr/libexec/gcc/aarch64-linux-gnu/13/lto-wrapper -plugin-opt=-fresolution=/tmp/cc0StV5l.res -plugin-opt=-pass-through=-lgcc_s -plugin-opt=-pass-through=-lgcc -plugin-opt=-pass-through=-lc -plugin-opt=-pass-through=-lgcc_s -plugin-opt=-pass-through=-lgcc --build-id --eh-frame-hdr --hash-style=gnu --as-needed -dynamic-linker /lib/ld-linux-aarch64.so.1 -X -EL -maarch64linux --fix-cortex-a53-843419 -pie -z now -z relro -o cmTC_12986 /usr/lib/gcc/aarch64-linux-gnu/13/../../../aarch64-linux-gnu/Scrt1.o /usr/lib/gcc/aarch64-linux-gnu/13/../../../aarch64-linux-gnu/crti.o /usr/lib/gcc/aarch64-linux-gnu/13/crtbeginS.o -L/usr/lib/gcc/aarch64-linux-gnu/13 -L/usr/lib/gcc/aarch64-linux-gnu/13/../../../aarch64-linux-gnu -L/usr/lib/gcc/aarch64-linux-gnu/13/../../../../lib -L/lib/aarch64-linux-gnu -L/lib/../lib -L/usr/lib/aarch64-linux-gnu -L/usr/lib/../lib -L/usr/lib/gcc/aarch64-linux-gnu/13/../../.. CMakeFiles/cmTC_12986.dir/CMakeCXXCompilerABI.cpp.o -lstdc++ -lm -lgcc_s -lgcc -lc -lgcc_s -lgcc /usr/lib/gcc/aarch64-linux-gnu/13/crtendS.o /usr/lib/gcc/aarch64-linux-gnu/13/../../../aarch64-linux-gnu/crtn.o]
    arg [/usr/libexec/gcc/aarch64-linux-gnu/13/collect2] ==> ignore
    arg [-plugin] ==> ignore
    arg [/usr/libexec/gcc/aarch64-linux-gnu/13/liblto_plugin.so] ==> ignore
    arg [-plugin-opt=/usr/libexec/gcc/aarch64-linux-gnu/13/lto-wrapper] ==> ignore
    arg [-plugin-opt=-fresolution=/tmp/cc0StV5l.res] ==> ignore
    arg [-plugin-opt=-pass-through=-lgcc_s] ==> ignore
    arg [-plugin-opt=-pass-through=-lgcc] ==> ignore
    arg [-plugin-opt=-pass-through=-lc] ==> ignore
    arg [-plugin-opt=-pass-through=-lgcc_s] ==> ignore
    arg [-plugin-opt=-pass-through=-lgcc] ==> ignore
    arg [--build-id] ==> ignore
    arg [--eh-frame-hdr] ==> ignore
    arg [--hash-style=gnu] ==> ignore
    arg [--as-needed] ==> ignore
    arg [-dynamic-linker] ==> ignore
    arg [/lib/ld-linux-aarch64.so.1] ==> ignore
    arg [-X] ==> ignore
    arg [-EL] ==> ignore
    arg [-maarch64linux] ==> ignore
    arg [--fix-cortex-a53-843419] ==> ignore
    arg [-pie] ==> ignore
    arg [-znow] ==> ignore
    arg [-zrelro] ==> ignore
    arg [-o] ==> ignore
    arg [cmTC_12986] ==> ignore
    arg [/usr/lib/gcc/aarch64-linux-gnu/13/../../../aarch64-linux-gnu/Scrt1.o] ==> obj [/usr/lib/gcc/aarch64-linux-gnu/13/../../../aarch64-linux-gnu/Scrt1.o]
    arg [/usr/lib/gcc/aarch64-linux-gnu/13/../../../aarch64-linux-gnu/crti.o] ==> obj [/usr/lib/gcc/aarch64-linux-gnu/13/../../../aarch64-linux-gnu/crti.o]
    arg [/usr/lib/gcc/aarch64-linux-gnu/13/crtbeginS.o] ==> obj [/usr/lib/gcc/aarch64-linux-gnu/13/crtbeginS.o]
    arg [-L/usr/lib/gcc/aarch64-linux-gnu/13] ==> dir [/usr/lib/gcc/aarch64-linux-gnu/13]
    arg [-L/usr/lib/gcc/aarch64-linux-gnu/13/../../../aarch64-linux-gnu] ==> dir [/usr/lib/gcc/aarch64-linux-gnu/13/../../../aarch64-linux-gnu]
    arg [-L/usr/lib/gcc/aarch64-linux-gnu/13/../../../../lib] ==> dir [/usr/lib/gcc/aarch64-linux-gnu/13/../../../../lib]
    arg [-L/lib/aarch64-linux-gnu] ==> dir [/lib/aarch64-linux-gnu]
    arg [-L/lib/../lib] ==> dir [/lib/../lib]
    arg [-L/usr/lib/aarch64-linux-gnu] ==> dir [/usr/lib/aarch64-linux-gnu]
    arg [-L/usr/lib/../lib] ==> dir [/usr/lib/../lib]
    arg [-L/usr/lib/gcc/aarch64-linux-gnu/13/../../..] ==> dir [/usr/lib/gcc/aarch64-linux-gnu/13/../../..]
    arg [CMakeFiles/cmTC_12986.dir/CMakeCXXCompilerABI.cpp.o] ==> ignore
    arg [-lstdc++] ==> lib [stdc++]
    arg [-lm] ==> lib [m]
    arg [-lgcc_s] ==> lib [gcc_s]
    arg [-lgcc] ==> lib [gcc]
    arg [-lc] ==> lib [c]
    arg [-lgcc_s] ==> lib [gcc_s]
    arg [-lgcc] ==> lib [gcc]
    arg [/usr/lib/gcc/aarch64-linux-gnu/13/crtendS.o] ==> obj [/usr/lib/gcc/aarch64-linux-gnu/13/crtendS.o]
    arg [/usr/lib/gcc/aarch64-linux-gnu/13/../../../aarch64-linux-gnu/crtn.o] ==> obj [/usr/lib/gcc/aarch64-linux-gnu/13/../../../aarch64-linux-gnu/crtn.o]
  collapse obj [/usr/lib/gcc/aarch64-linux-gnu/13/../../../aarch64-linux-gnu/Scrt1.o] ==> [/usr/lib/aarch64-linux-gnu/Scrt1.o]
  collapse obj [/usr/lib/gcc/aarch64-linux-gnu/13/../../../aarch64-linux-gnu/crti.o] ==> [/usr/lib/aarch64-linux-gnu/crti.o]
  collapse obj [/usr/lib/gcc/aarch64-linux-gnu/13/../../../aarch64-linux-gnu/crtn.o] ==> [/usr/lib/aarch64-linux-gnu/crtn.o]
  collapse library dir [/usr/lib/gcc/aarch64-linux-gnu/13] ==> [/usr/lib/gcc/aarch64-linux-gnu/13]
  collapse library dir [/usr/lib/gcc/aarch64-linux-gnu/13/../../../aarch64-linux-gnu] ==> [/usr/lib/aarch64-linux-gnu]
  collapse library dir [/usr/lib/gcc/aarch64-linux-gnu/13/../../../../lib] ==> [/usr/lib]
  collapse library dir [/lib/aarch64-linux-gnu] ==> [/lib/aarch64-linux-gnu]
  collapse library dir [/lib/../lib] ==> [/lib]
  collapse library dir [/usr/lib/aarch64-linux-gnu] ==> [/usr/lib/aarch64-linux-gnu]
  collapse library dir [/usr/lib/../lib] ==> [/usr/lib]
  collapse library dir [/usr/lib/gcc/aarch64-linux-gnu/13/../../..] ==> [/usr/lib]
  implicit libs: [stdc++;m;gcc_s;gcc;c;gcc_s;gcc]
  implicit objs: [/usr/lib/aarch64-linux-gnu/Scrt1.o;/usr/lib/aarch64-linux-gnu/crti.o;/usr/lib/gcc/aarch64-linux-gnu/13/crtbeginS.o;/usr/lib/gcc/aarch64-linux-gnu/13/crtendS.o;/usr/lib/aarch64-linux-gnu/crtn.o]
  implicit dirs: [/usr/lib/gcc/aarch64-linux-gnu/13;/usr/lib/aarch64-linux-gnu;/usr/lib;/lib/aarch64-linux-gnu;/lib]
  implicit fwks: []


Determining if the include file pthread.h exists passed with the following output:
Change Dir: /home/nvidia/Desktop/cxr_multi_sensor/yyf/CMakeFiles/CMakeTmp

Run Build Command(s):/usr/bin/make -f Makefile cmTC_ac74c/fast && /usr/bin/make  -f CMakeFiles/cmTC_ac74c.dir/build.make CMakeFiles/cmTC_ac74c.dir/build
make[1]: Entering directory '/home/nvidia/Desktop/cxr_multi_sensor/yyf/CMakeFiles/CMakeTmp'
Building C object CMakeFiles/cmTC_ac74c.dir/CheckIncludeFile.c.o
/usr/bin/gcc-13   -fPIC  -o CMakeFiles/cmTC_ac74c.dir/CheckIncludeFile.c.o -c /home/nvidia/Desktop/cxr_multi_sensor/yyf/CMakeFiles/CMakeTmp/CheckIncludeFile.c
Linking C executable cmTC_ac74c
/usr/bin/cmake -E cmake_link_script CMakeFiles/cmTC_ac74c.dir/link.txt --verbose=1
/usr/bin/gcc-13 -fPIC  CMakeFiles/cmTC_ac74c.dir/CheckIncludeFile.c.o -o cmTC_ac74c 
make[1]: Leaving directory '/home/nvidia/Desktop/cxr_multi_sensor/yyf/CMakeFiles/CMakeTmp'



Determining if the function pthread_create exists in the pthread passed with the following output:
Change Dir: /home/nvidia/Desktop/cxr_multi_sensor/yyf/CMakeFiles/CMakeTmp

Run Build Command(s):/usr/bin/make -f Makefile cmTC_03f30/fast && /usr/bin/make  -f CMakeFiles/cmTC_03f30.dir/build.make CMakeFiles/cmTC_03f30.dir/build
make[1]: Entering directory '/home/nvidia/Desktop/cxr_multi_sensor/yyf/CMakeFiles/CMakeTmp'
Building C object CMakeFiles/cmTC_03f30.dir/CheckFunctionExists.c.o
/usr/bin/gcc-13   -fPIC -DCHECK_FUNCTION_EXISTS=pthread_create -o CMakeFiles/cmTC_03f30.dir/CheckFunctionExists.c.o -c /usr/share/cmake-3.22/Modules/CheckFunctionExists.c
Linking C executable cmTC_03f30
/usr/bin/cmake -E cmake_link_script CMakeFiles/cmTC_03f30.dir/link.txt --verbose=1
/usr/bin/gcc-13 -fPIC -DCHECK_FUNCTION_EXISTS=pthread_create CMakeFiles/cmTC_03f30.dir/CheckFunctionExists.c.o -o cmTC_03f30  -lpthread 
make[1]: Leaving directory '/home/nvidia/Desktop/cxr_multi_sensor/yyf/CMakeFiles/CMakeTmp'



Determining if the include file sys/types.h exists passed with the following output:
Change Dir: /home/nvidia/Desktop/cxr_multi_sensor/yyf/CMakeFiles/CMakeTmp

Run Build Command(s):/usr/bin/make -f Makefile cmTC_9dc78/fast && /usr/bin/make  -f CMakeFiles/cmTC_9dc78.dir/build.make CMakeFiles/cmTC_9dc78.dir/build
make[1]: Entering directory '/home/nvidia/Desktop/cxr_multi_sensor/yyf/CMakeFiles/CMakeTmp'
Building C object CMakeFiles/cmTC_9dc78.dir/CheckIncludeFile.c.o
/usr/bin/gcc-13    -o CMakeFiles/cmTC_9dc78.dir/CheckIncludeFile.c.o -c /home/nvidia/Desktop/cxr_multi_sensor/yyf/CMakeFiles/CMakeTmp/CheckIncludeFile.c
Linking C executable cmTC_9dc78
/usr/bin/cmake -E cmake_link_script CMakeFiles/cmTC_9dc78.dir/link.txt --verbose=1
/usr/bin/gcc-13 CMakeFiles/cmTC_9dc78.dir/CheckIncludeFile.c.o -o cmTC_9dc78 
make[1]: Leaving directory '/home/nvidia/Desktop/cxr_multi_sensor/yyf/CMakeFiles/CMakeTmp'



Determining if the include file stdint.h exists passed with the following output:
Change Dir: /home/nvidia/Desktop/cxr_multi_sensor/yyf/CMakeFiles/CMakeTmp

Run Build Command(s):/usr/bin/make -f Makefile cmTC_f7cac/fast && /usr/bin/make  -f CMakeFiles/cmTC_f7cac.dir/build.make CMakeFiles/cmTC_f7cac.dir/build
make[1]: Entering directory '/home/nvidia/Desktop/cxr_multi_sensor/yyf/CMakeFiles/CMakeTmp'
Building C object CMakeFiles/cmTC_f7cac.dir/CheckIncludeFile.c.o
/usr/bin/gcc-13    -o CMakeFiles/cmTC_f7cac.dir/CheckIncludeFile.c.o -c /home/nvidia/Desktop/cxr_multi_sensor/yyf/CMakeFiles/CMakeTmp/CheckIncludeFile.c
Linking C executable cmTC_f7cac
/usr/bin/cmake -E cmake_link_script CMakeFiles/cmTC_f7cac.dir/link.txt --verbose=1
/usr/bin/gcc-13 CMakeFiles/cmTC_f7cac.dir/CheckIncludeFile.c.o -o cmTC_f7cac 
make[1]: Leaving directory '/home/nvidia/Desktop/cxr_multi_sensor/yyf/CMakeFiles/CMakeTmp'



Determining if the include file stddef.h exists passed with the following output:
Change Dir: /home/nvidia/Desktop/cxr_multi_sensor/yyf/CMakeFiles/CMakeTmp

Run Build Command(s):/usr/bin/make -f Makefile cmTC_92d5c/fast && /usr/bin/make  -f CMakeFiles/cmTC_92d5c.dir/build.make CMakeFiles/cmTC_92d5c.dir/build
make[1]: Entering directory '/home/nvidia/Desktop/cxr_multi_sensor/yyf/CMakeFiles/CMakeTmp'
Building C object CMakeFiles/cmTC_92d5c.dir/CheckIncludeFile.c.o
/usr/bin/gcc-13    -o CMakeFiles/cmTC_92d5c.dir/CheckIncludeFile.c.o -c /home/nvidia/Desktop/cxr_multi_sensor/yyf/CMakeFiles/CMakeTmp/CheckIncludeFile.c
Linking C executable cmTC_92d5c
/usr/bin/cmake -E cmake_link_script CMakeFiles/cmTC_92d5c.dir/link.txt --verbose=1
/usr/bin/gcc-13 CMakeFiles/cmTC_92d5c.dir/CheckIncludeFile.c.o -o cmTC_92d5c 
make[1]: Leaving directory '/home/nvidia/Desktop/cxr_multi_sensor/yyf/CMakeFiles/CMakeTmp'



Determining size of size_t passed with the following output:
Change Dir: /home/nvidia/Desktop/cxr_multi_sensor/yyf/CMakeFiles/CMakeTmp

Run Build Command(s):/usr/bin/make -f Makefile cmTC_30af2/fast && /usr/bin/make  -f CMakeFiles/cmTC_30af2.dir/build.make CMakeFiles/cmTC_30af2.dir/build
make[1]: Entering directory '/home/nvidia/Desktop/cxr_multi_sensor/yyf/CMakeFiles/CMakeTmp'
Building C object CMakeFiles/cmTC_30af2.dir/SIZEOF_SIZE_T.c.o
/usr/bin/gcc-13    -o CMakeFiles/cmTC_30af2.dir/SIZEOF_SIZE_T.c.o -c /home/nvidia/Desktop/cxr_multi_sensor/yyf/CMakeFiles/CheckTypeSize/SIZEOF_SIZE_T.c
Linking C executable cmTC_30af2
/usr/bin/cmake -E cmake_link_script CMakeFiles/cmTC_30af2.dir/link.txt --verbose=1
/usr/bin/gcc-13 CMakeFiles/cmTC_30af2.dir/SIZEOF_SIZE_T.c.o -o cmTC_30af2 
make[1]: Leaving directory '/home/nvidia/Desktop/cxr_multi_sensor/yyf/CMakeFiles/CMakeTmp'



Determining size of void * passed with the following output:
Change Dir: /home/nvidia/Desktop/cxr_multi_sensor/yyf/CMakeFiles/CMakeTmp

Run Build Command(s):/usr/bin/make -f Makefile cmTC_77961/fast && /usr/bin/make  -f CMakeFiles/cmTC_77961.dir/build.make CMakeFiles/cmTC_77961.dir/build
make[1]: Entering directory '/home/nvidia/Desktop/cxr_multi_sensor/yyf/CMakeFiles/CMakeTmp'
Building C object CMakeFiles/cmTC_77961.dir/SIZEOF_VOID_PTR.c.o
/usr/bin/gcc-13    -o CMakeFiles/cmTC_77961.dir/SIZEOF_VOID_PTR.c.o -c /home/nvidia/Desktop/cxr_multi_sensor/yyf/CMakeFiles/CheckTypeSize/SIZEOF_VOID_PTR.c
Linking C executable cmTC_77961
/usr/bin/cmake -E cmake_link_script CMakeFiles/cmTC_77961.dir/link.txt --verbose=1
/usr/bin/gcc-13 CMakeFiles/cmTC_77961.dir/SIZEOF_VOID_PTR.c.o -o cmTC_77961 
make[1]: Leaving directory '/home/nvidia/Desktop/cxr_multi_sensor/yyf/CMakeFiles/CMakeTmp'



